[2024-08-15 06:21:34,064: INFO: main: Welcome to Mlproject]
[2024-08-15 07:18:54,868: INFO: common: yaml file: config\config.yaml loaded successfully]
[2024-08-15 07:18:54,875: INFO: common: yaml file: params.yaml loaded successfully]
[2024-08-15 07:18:54,876: INFO: common: yaml file: schema.yaml loaded successfully]
[2024-08-15 07:18:54,880: INFO: common: created directory at: artifacts]
[2024-08-15 07:18:54,882: INFO: common: created directory at: artifacts/data_ingestion]
[2024-08-15 07:18:55,654: INFO: 2145384082: artifacts/data_ingestion/data.zip download! with following info: 
Connection: close
Content-Length: 23329
Cache-Control: max-age=300
Content-Security-Policy: default-src 'none'; style-src 'unsafe-inline'; sandbox
Content-Type: application/zip
ETag: "c69888a4ae59bc5a893392785a938ccd4937981c06ba8a9d6a21aa52b4ab5b6e"
Strict-Transport-Security: max-age=31536000
X-Content-Type-Options: nosniff
X-Frame-Options: deny
X-XSS-Protection: 1; mode=block
X-GitHub-Request-Id: 94C9:08EE:4DBF91:64C9B2:66BD5E86
Accept-Ranges: bytes
Date: Thu, 15 Aug 2024 01:48:55 GMT
Via: 1.1 varnish
X-Served-By: cache-bom4727-BOM
X-Cache: MISS
X-Cache-Hits: 0
X-Timer: S1723686535.405923,VS0,VE277
Vary: Authorization,Accept-Encoding,Origin
Access-Control-Allow-Origin: *
Cross-Origin-Resource-Policy: cross-origin
X-Fastly-Request-ID: 18b44fd9168684126350a3d15fb93298b45e59f9
Expires: Thu, 15 Aug 2024 01:53:55 GMT
Source-Age: 0

]
[2024-08-15 07:19:37,054: INFO: common: yaml file: config\config.yaml loaded successfully]
[2024-08-15 07:19:37,056: INFO: common: yaml file: params.yaml loaded successfully]
[2024-08-15 07:19:37,060: INFO: common: yaml file: schema.yaml loaded successfully]
[2024-08-15 07:19:37,062: INFO: common: created directory at: artifacts]
[2024-08-15 07:19:37,064: INFO: common: created directory at: artifacts/data_ingestion]
[2024-08-15 07:19:37,065: INFO: 2145384082: File already exists of size: ~ 23 KB]
[2024-08-15 07:20:03,448: INFO: common: yaml file: config\config.yaml loaded successfully]
[2024-08-15 07:20:03,450: INFO: common: yaml file: params.yaml loaded successfully]
[2024-08-15 07:20:03,452: INFO: common: yaml file: schema.yaml loaded successfully]
[2024-08-15 07:20:03,453: INFO: common: created directory at: artifacts]
[2024-08-15 07:20:03,456: INFO: common: created directory at: artifacts/data_ingestion]
[2024-08-15 07:21:55,921: INFO: common: yaml file: config\config.yaml loaded successfully]
[2024-08-15 07:21:55,928: INFO: common: yaml file: params.yaml loaded successfully]
[2024-08-15 07:21:55,931: INFO: common: yaml file: schema.yaml loaded successfully]
[2024-08-15 07:21:55,937: INFO: common: created directory at: artifacts]
[2024-08-15 07:21:55,943: INFO: common: created directory at: artifacts/data_ingestion]
[2024-08-15 07:21:57,623: INFO: 2145384082: artifacts/data_ingestion/data.zip download! with following info: 
Connection: close
Content-Length: 1025318
Cache-Control: max-age=300
Content-Security-Policy: default-src 'none'; style-src 'unsafe-inline'; sandbox
Content-Type: application/zip
ETag: "1092c620e522f2a97545206eab13f39f6ff252fd9a9ca31bfe62215a5561c34a"
Strict-Transport-Security: max-age=31536000
X-Content-Type-Options: nosniff
X-Frame-Options: deny
X-XSS-Protection: 1; mode=block
X-GitHub-Request-Id: 7BBE:1DC39A:3E53FE:50044F:66BD5F3B
Accept-Ranges: bytes
Date: Thu, 15 Aug 2024 01:51:57 GMT
Via: 1.1 varnish
X-Served-By: cache-bom4740-BOM
X-Cache: MISS
X-Cache-Hits: 0
X-Timer: S1723686717.783001,VS0,VE383
Vary: Authorization,Accept-Encoding,Origin
Access-Control-Allow-Origin: *
Cross-Origin-Resource-Policy: cross-origin
X-Fastly-Request-ID: 9b83dbdc383c0fa0860f6b894f1195672818052a
Expires: Thu, 15 Aug 2024 01:56:57 GMT
Source-Age: 0

]
[2024-08-15 07:39:44,615: INFO: main: >>>>>> stage Data Ingestion Stage started <<<<<<]
[2024-08-15 07:39:44,618: INFO: common: yaml file: config\config.yaml loaded successfully]
[2024-08-15 07:39:44,619: INFO: common: yaml file: params.yaml loaded successfully]
[2024-08-15 07:39:44,621: INFO: common: yaml file: schema.yaml loaded successfully]
[2024-08-15 07:39:44,622: INFO: common: created directory at: artifacts]
[2024-08-15 07:39:44,635: INFO: common: created directory at: artifacts/data_ingestion]
[2024-08-15 07:39:44,637: INFO: data_ingestion: File already exists of size: ~ 1001 KB]
[2024-08-15 07:39:44,684: INFO: main: >>>>>> stage Data Ingestion Stage completed <<<<<<

x==========x]
[2024-08-15 12:46:54,854: INFO: common: yaml file: config\config.yaml loaded successfully]
[2024-08-15 12:46:54,864: INFO: common: yaml file: params.yaml loaded successfully]
[2024-08-15 12:46:54,871: INFO: common: yaml file: schema.yaml loaded successfully]
[2024-08-15 12:46:54,873: INFO: common: created directory at: artifacts]
[2024-08-15 12:46:54,877: INFO: common: created directory at: artifacts]
[2024-08-15 12:47:36,106: INFO: common: yaml file: config\config.yaml loaded successfully]
[2024-08-15 12:47:36,109: INFO: common: yaml file: params.yaml loaded successfully]
[2024-08-15 12:47:36,114: INFO: common: yaml file: schema.yaml loaded successfully]
[2024-08-15 12:47:36,116: INFO: common: created directory at: artifacts]
[2024-08-15 12:47:36,116: INFO: common: created directory at: artifacts]
[2024-08-15 12:48:54,747: INFO: common: yaml file: config\config.yaml loaded successfully]
[2024-08-15 12:48:54,750: INFO: common: yaml file: params.yaml loaded successfully]
[2024-08-15 12:48:54,758: INFO: common: yaml file: schema.yaml loaded successfully]
[2024-08-15 12:48:54,760: INFO: common: created directory at: artifacts]
[2024-08-15 12:48:54,762: INFO: common: created directory at: artifacts]
[2024-08-15 12:51:07,539: INFO: common: yaml file: config\config.yaml loaded successfully]
[2024-08-15 12:51:07,540: INFO: common: yaml file: params.yaml loaded successfully]
[2024-08-15 12:51:07,549: INFO: common: yaml file: schema.yaml loaded successfully]
[2024-08-15 12:51:07,551: INFO: common: created directory at: artifacts]
[2024-08-15 12:51:07,553: INFO: common: created directory at: artifacts/data_validation]
[2024-08-15 12:52:27,878: INFO: common: yaml file: config\config.yaml loaded successfully]
[2024-08-15 12:52:27,881: INFO: common: yaml file: params.yaml loaded successfully]
[2024-08-15 12:52:27,887: INFO: common: yaml file: schema.yaml loaded successfully]
[2024-08-15 12:52:27,888: INFO: common: created directory at: artifacts]
[2024-08-15 12:52:27,888: INFO: common: created directory at: artifacts/data_validation]
[2024-08-15 12:54:14,658: INFO: common: yaml file: config\config.yaml loaded successfully]
[2024-08-15 12:54:14,666: INFO: common: yaml file: params.yaml loaded successfully]
[2024-08-15 12:54:14,672: INFO: common: yaml file: schema.yaml loaded successfully]
[2024-08-15 12:54:14,678: INFO: common: created directory at: artifacts]
[2024-08-15 12:54:14,679: INFO: common: created directory at: artifacts/data_validation]
[2024-08-15 12:56:01,656: INFO: common: yaml file: config\config.yaml loaded successfully]
[2024-08-15 12:56:01,660: INFO: common: yaml file: params.yaml loaded successfully]
[2024-08-15 12:56:01,668: INFO: common: yaml file: schema.yaml loaded successfully]
[2024-08-15 12:56:01,671: INFO: common: created directory at: artifacts]
[2024-08-15 12:56:01,673: INFO: common: created directory at: artifacts/data_validation]
[2024-08-15 12:56:43,274: INFO: common: yaml file: config\config.yaml loaded successfully]
[2024-08-15 12:56:43,276: INFO: common: yaml file: params.yaml loaded successfully]
[2024-08-15 12:56:43,285: INFO: common: yaml file: schema.yaml loaded successfully]
[2024-08-15 12:56:43,287: INFO: common: created directory at: artifacts]
[2024-08-15 12:56:43,287: INFO: common: created directory at: artifacts/data_validation]
[2024-08-15 12:59:17,969: INFO: common: yaml file: config\config.yaml loaded successfully]
[2024-08-15 12:59:17,974: INFO: common: yaml file: params.yaml loaded successfully]
[2024-08-15 12:59:17,982: INFO: common: yaml file: schema.yaml loaded successfully]
[2024-08-15 12:59:17,985: INFO: common: created directory at: artifacts]
[2024-08-15 12:59:17,987: INFO: common: created directory at: artifacts/data_validation]
[2024-08-15 12:59:33,089: INFO: common: yaml file: config\config.yaml loaded successfully]
[2024-08-15 12:59:33,092: INFO: common: yaml file: params.yaml loaded successfully]
[2024-08-15 12:59:33,101: INFO: common: yaml file: schema.yaml loaded successfully]
[2024-08-15 12:59:33,107: INFO: common: created directory at: artifacts]
[2024-08-15 12:59:33,109: INFO: common: created directory at: artifacts/data_validation]
[2024-08-15 13:00:04,840: INFO: common: yaml file: config\config.yaml loaded successfully]
[2024-08-15 13:00:04,842: INFO: common: yaml file: params.yaml loaded successfully]
[2024-08-15 13:00:04,851: INFO: common: yaml file: schema.yaml loaded successfully]
[2024-08-15 13:00:04,854: INFO: common: created directory at: artifacts]
[2024-08-15 13:00:04,856: INFO: common: created directory at: artifacts/data_validation]
[2024-08-15 13:00:33,692: INFO: common: yaml file: config\config.yaml loaded successfully]
[2024-08-15 13:00:33,695: INFO: common: yaml file: params.yaml loaded successfully]
[2024-08-15 13:00:33,702: INFO: common: yaml file: schema.yaml loaded successfully]
[2024-08-15 13:00:33,707: INFO: common: created directory at: artifacts]
[2024-08-15 13:00:33,710: INFO: common: created directory at: artifacts/data_validation]
[2024-08-15 13:00:33,942: ERROR: 3513468032: Column BILL_AMT1 not found in schema.]
[2024-08-15 13:04:51,296: INFO: common: yaml file: config\config.yaml loaded successfully]
[2024-08-15 13:04:51,301: INFO: common: yaml file: params.yaml loaded successfully]
[2024-08-15 13:04:51,309: INFO: common: yaml file: schema.yaml loaded successfully]
[2024-08-15 13:04:51,312: INFO: common: created directory at: artifacts]
[2024-08-15 13:04:51,313: INFO: common: created directory at: artifacts/data_validation]
[2024-08-15 13:05:26,873: INFO: common: yaml file: config\config.yaml loaded successfully]
[2024-08-15 13:05:26,877: INFO: common: yaml file: params.yaml loaded successfully]
[2024-08-15 13:05:26,884: INFO: common: yaml file: schema.yaml loaded successfully]
[2024-08-15 13:05:26,887: INFO: common: created directory at: artifacts]
[2024-08-15 13:05:26,888: INFO: common: created directory at: artifacts/data_validation]
[2024-08-15 13:05:48,335: INFO: common: yaml file: config\config.yaml loaded successfully]
[2024-08-15 13:05:48,339: INFO: common: yaml file: params.yaml loaded successfully]
[2024-08-15 13:05:48,347: INFO: common: yaml file: schema.yaml loaded successfully]
[2024-08-15 13:05:48,348: INFO: common: created directory at: artifacts]
[2024-08-15 13:05:48,348: INFO: common: created directory at: artifacts/data_validation]
[2024-08-15 13:07:40,738: INFO: common: yaml file: config\config.yaml loaded successfully]
[2024-08-15 13:07:40,742: INFO: common: yaml file: params.yaml loaded successfully]
[2024-08-15 13:07:40,747: INFO: common: yaml file: schema.yaml loaded successfully]
[2024-08-15 13:07:40,749: INFO: common: created directory at: artifacts]
[2024-08-15 13:07:40,750: INFO: common: created directory at: artifacts/data_validation]
[2024-08-15 13:08:32,863: INFO: common: yaml file: config\config.yaml loaded successfully]
[2024-08-15 13:08:32,866: INFO: common: yaml file: params.yaml loaded successfully]
[2024-08-15 13:08:32,871: INFO: common: yaml file: schema.yaml loaded successfully]
[2024-08-15 13:08:32,875: INFO: common: created directory at: artifacts]
[2024-08-15 13:08:32,876: INFO: common: created directory at: artifacts/data_validation]
[2024-08-15 13:09:27,623: INFO: common: yaml file: config\config.yaml loaded successfully]
[2024-08-15 13:09:27,629: INFO: common: yaml file: params.yaml loaded successfully]
[2024-08-15 13:09:27,639: INFO: common: yaml file: schema.yaml loaded successfully]
[2024-08-15 13:09:27,643: INFO: common: created directory at: artifacts]
[2024-08-15 13:09:27,644: INFO: common: created directory at: artifacts/data_validation]
[2024-08-15 13:09:56,958: INFO: common: yaml file: config\config.yaml loaded successfully]
[2024-08-15 13:09:56,962: INFO: common: yaml file: params.yaml loaded successfully]
[2024-08-15 13:09:56,971: INFO: common: yaml file: schema.yaml loaded successfully]
[2024-08-15 13:09:56,974: INFO: common: created directory at: artifacts]
[2024-08-15 13:09:56,976: INFO: common: created directory at: artifacts/data_validation]
[2024-08-15 13:09:57,374: ERROR: 3426164656: Column PAY_AMT3 has a different data type: expected int64, found float64]
[2024-08-15 13:16:56,573: INFO: main: >>>>>> stage Data Ingestion Stage started <<<<<<]
[2024-08-15 13:16:56,583: INFO: common: yaml file: config\config.yaml loaded successfully]
[2024-08-15 13:16:56,585: INFO: common: yaml file: params.yaml loaded successfully]
[2024-08-15 13:16:56,593: INFO: common: yaml file: schema.yaml loaded successfully]
[2024-08-15 13:16:56,595: INFO: common: created directory at: artifacts]
[2024-08-15 13:16:56,601: INFO: common: created directory at: artifacts/data_ingestion]
[2024-08-15 13:16:56,604: INFO: data_ingestion: File already exists of size: ~ 1001 KB]
[2024-08-15 13:16:56,670: INFO: main: >>>>>> stage Data Ingestion Stage completed <<<<<<

x==========x]
[2024-08-15 13:16:56,672: INFO: main: >>>>>> stage Data Validation Stage started <<<<<<]
[2024-08-15 13:16:56,676: INFO: common: yaml file: config\config.yaml loaded successfully]
[2024-08-15 13:16:56,685: INFO: common: yaml file: params.yaml loaded successfully]
[2024-08-15 13:16:56,693: INFO: common: yaml file: schema.yaml loaded successfully]
[2024-08-15 13:16:56,720: INFO: common: created directory at: artifacts]
[2024-08-15 13:16:56,723: INFO: common: created directory at: artifacts/data_validation]
[2024-08-15 13:16:57,118: INFO: main: >>>>>> stage Data Validation Stage completed <<<<<<

x==========x]
[2024-08-17 08:03:31,196: INFO: common: yaml file: config\config.yaml loaded successfully]
[2024-08-17 08:03:31,199: INFO: common: yaml file: params.yaml loaded successfully]
[2024-08-17 08:03:31,205: INFO: common: yaml file: schema.yaml loaded successfully]
[2024-08-17 08:03:31,205: INFO: common: created directory at: artifacts]
[2024-08-17 08:03:31,213: INFO: common: created directory at: artifacts/data_transformation]
[2024-08-17 08:06:38,148: INFO: common: yaml file: config\config.yaml loaded successfully]
[2024-08-17 08:06:38,156: INFO: common: yaml file: params.yaml loaded successfully]
[2024-08-17 08:06:38,170: INFO: common: yaml file: schema.yaml loaded successfully]
[2024-08-17 08:06:38,176: INFO: common: created directory at: artifacts]
[2024-08-17 08:06:38,179: INFO: common: created directory at: artifacts/data_transformation]
[2024-08-17 08:07:32,581: INFO: common: yaml file: config\config.yaml loaded successfully]
[2024-08-17 08:07:32,585: INFO: common: yaml file: params.yaml loaded successfully]
[2024-08-17 08:07:32,593: INFO: common: yaml file: schema.yaml loaded successfully]
[2024-08-17 08:07:32,596: INFO: common: created directory at: artifacts]
[2024-08-17 08:07:32,598: INFO: common: created directory at: artifacts/data_transformation]
[2024-08-17 08:07:55,367: INFO: common: yaml file: config\config.yaml loaded successfully]
[2024-08-17 08:07:55,371: INFO: common: yaml file: params.yaml loaded successfully]
[2024-08-17 08:07:55,378: INFO: common: yaml file: schema.yaml loaded successfully]
[2024-08-17 08:07:55,381: INFO: common: created directory at: artifacts]
[2024-08-17 08:07:55,383: INFO: common: created directory at: artifacts/data_transformation]
[2024-08-17 08:07:56,958: INFO: 1742570684: Splited data into training and test sets]
[2024-08-17 08:07:56,961: INFO: 1742570684: (22500, 25)]
[2024-08-17 08:07:56,964: INFO: 1742570684: (7500, 25)]
[2024-08-17 08:08:51,014: INFO: common: yaml file: config\config.yaml loaded successfully]
[2024-08-17 08:08:51,018: INFO: common: yaml file: params.yaml loaded successfully]
[2024-08-17 08:08:51,026: INFO: common: yaml file: schema.yaml loaded successfully]
[2024-08-17 08:08:51,027: INFO: common: created directory at: artifacts]
[2024-08-17 08:08:51,027: INFO: common: created directory at: artifacts/data_transformation]
[2024-08-17 08:08:52,279: INFO: 49528055: Train and Test split done]
[2024-08-17 08:08:52,282: INFO: 49528055: (22500, 25)]
[2024-08-17 08:08:52,282: INFO: 49528055: (7500, 25)]
[2024-08-17 08:33:49,230: INFO: main: >>>>>> stage Data Ingestion Stage started <<<<<<]
[2024-08-17 08:33:49,237: INFO: common: yaml file: config\config.yaml loaded successfully]
[2024-08-17 08:33:49,255: INFO: common: yaml file: params.yaml loaded successfully]
[2024-08-17 08:33:49,275: INFO: common: yaml file: schema.yaml loaded successfully]
[2024-08-17 08:33:49,282: INFO: common: created directory at: artifacts]
[2024-08-17 08:33:49,292: INFO: common: created directory at: artifacts/data_ingestion]
[2024-08-17 08:33:49,295: INFO: data_ingestion: File already exists of size: ~ 1001 KB]
[2024-08-17 08:33:49,366: INFO: main: >>>>>> stage Data Ingestion Stage completed <<<<<<

x==========x]
[2024-08-17 08:33:49,368: INFO: main: >>>>>> stage Data Validation Stage started <<<<<<]
[2024-08-17 08:33:49,374: INFO: common: yaml file: config\config.yaml loaded successfully]
[2024-08-17 08:33:49,379: INFO: common: yaml file: params.yaml loaded successfully]
[2024-08-17 08:33:49,387: INFO: common: yaml file: schema.yaml loaded successfully]
[2024-08-17 08:33:49,391: INFO: common: created directory at: artifacts]
[2024-08-17 08:33:49,393: INFO: common: created directory at: artifacts/data_validation]
[2024-08-17 08:33:49,728: INFO: main: >>>>>> stage Data Validation Stage completed <<<<<<

x==========x]
[2024-08-17 08:33:49,730: INFO: main: <<<<<<<<<< Data Transformation stage started >>>>>>>>>>]
[2024-08-17 08:33:49,731: ERROR: stage_data_transformation: Your data is not valid]
[2024-08-17 08:33:49,732: INFO: main: <<<<<<<<<< Successfully completed Data Transformation stage >>>>>>>>>>]
[2024-08-17 08:36:15,476: INFO: main: >>>>>> stage Data Ingestion Stage started <<<<<<]
[2024-08-17 08:36:15,486: INFO: common: yaml file: config\config.yaml loaded successfully]
[2024-08-17 08:36:15,488: INFO: common: yaml file: params.yaml loaded successfully]
[2024-08-17 08:36:15,495: INFO: common: yaml file: schema.yaml loaded successfully]
[2024-08-17 08:36:15,520: INFO: common: created directory at: artifacts]
[2024-08-17 08:36:15,522: INFO: common: created directory at: artifacts/data_ingestion]
[2024-08-17 08:36:17,382: INFO: data_ingestion: artifacts/data_ingestion/data.zip download! with following info: 
Connection: close
Content-Length: 1025318
Cache-Control: max-age=300
Content-Security-Policy: default-src 'none'; style-src 'unsafe-inline'; sandbox
Content-Type: application/zip
ETag: "1092c620e522f2a97545206eab13f39f6ff252fd9a9ca31bfe62215a5561c34a"
Strict-Transport-Security: max-age=31536000
X-Content-Type-Options: nosniff
X-Frame-Options: deny
X-XSS-Protection: 1; mode=block
X-GitHub-Request-Id: 7AF5:36B772:5A3C5:78790:66C013A7
Accept-Ranges: bytes
Date: Sat, 17 Aug 2024 03:06:16 GMT
Via: 1.1 varnish
X-Served-By: cache-bom4742-BOM
X-Cache: MISS
X-Cache-Hits: 0
X-Timer: S1723863976.908679,VS0,VE613
Vary: Authorization,Accept-Encoding,Origin
Access-Control-Allow-Origin: *
Cross-Origin-Resource-Policy: cross-origin
X-Fastly-Request-ID: d6877122a4193ba43f2ce6579e19397fc7c7583f
Expires: Sat, 17 Aug 2024 03:11:16 GMT
Source-Age: 0

]
[2024-08-17 08:36:17,422: INFO: main: >>>>>> stage Data Ingestion Stage completed <<<<<<

x==========x]
[2024-08-17 08:36:17,428: INFO: main: >>>>>> stage Data Validation Stage started <<<<<<]
[2024-08-17 08:36:17,467: INFO: common: yaml file: config\config.yaml loaded successfully]
[2024-08-17 08:36:17,494: INFO: common: yaml file: params.yaml loaded successfully]
[2024-08-17 08:36:17,518: INFO: common: yaml file: schema.yaml loaded successfully]
[2024-08-17 08:36:17,559: INFO: common: created directory at: artifacts]
[2024-08-17 08:36:17,574: INFO: common: created directory at: artifacts/data_validation]
[2024-08-17 08:36:18,006: INFO: main: >>>>>> stage Data Validation Stage completed <<<<<<

x==========x]
[2024-08-17 08:36:18,010: INFO: main: <<<<<<<<<< Data Transformation stage started >>>>>>>>>>]
[2024-08-17 08:36:18,021: INFO: main: <<<<<<<<<< Successfully completed Data Transformation stage >>>>>>>>>>]
[2024-08-17 08:37:14,638: INFO: main: >>>>>> stage Data Ingestion Stage started <<<<<<]
[2024-08-17 08:37:14,683: INFO: common: yaml file: config\config.yaml loaded successfully]
[2024-08-17 08:37:14,689: INFO: common: yaml file: params.yaml loaded successfully]
[2024-08-17 08:37:14,701: INFO: common: yaml file: schema.yaml loaded successfully]
[2024-08-17 08:37:14,710: INFO: common: created directory at: artifacts]
[2024-08-17 08:37:14,714: INFO: common: created directory at: artifacts/data_ingestion]
[2024-08-17 08:37:14,729: INFO: data_ingestion: File already exists of size: ~ 1001 KB]
[2024-08-17 08:37:14,805: INFO: main: >>>>>> stage Data Ingestion Stage completed <<<<<<

x==========x]
[2024-08-17 08:37:14,810: INFO: main: >>>>>> stage Data Validation Stage started <<<<<<]
[2024-08-17 08:37:14,824: INFO: common: yaml file: config\config.yaml loaded successfully]
[2024-08-17 08:37:14,835: INFO: common: yaml file: params.yaml loaded successfully]
[2024-08-17 08:37:14,863: INFO: common: yaml file: schema.yaml loaded successfully]
[2024-08-17 08:37:14,870: INFO: common: created directory at: artifacts]
[2024-08-17 08:37:14,874: INFO: common: created directory at: artifacts/data_validation]
[2024-08-17 08:37:15,236: INFO: main: >>>>>> stage Data Validation Stage completed <<<<<<

x==========x]
[2024-08-17 08:37:15,238: INFO: main: <<<<<<<<<< Data Transformation stage started >>>>>>>>>>]
[2024-08-17 08:37:15,245: INFO: main: <<<<<<<<<< Successfully completed Data Transformation stage >>>>>>>>>>]
[2024-08-17 08:38:33,519: INFO: main: >>>>>> stage Data Ingestion Stage started <<<<<<]
[2024-08-17 08:38:33,631: INFO: common: yaml file: config\config.yaml loaded successfully]
[2024-08-17 08:38:33,676: INFO: common: yaml file: params.yaml loaded successfully]
[2024-08-17 08:38:33,699: INFO: common: yaml file: schema.yaml loaded successfully]
[2024-08-17 08:38:33,717: INFO: common: created directory at: artifacts]
[2024-08-17 08:38:33,727: INFO: common: created directory at: artifacts/data_ingestion]
[2024-08-17 08:38:33,737: INFO: data_ingestion: File already exists of size: ~ 1001 KB]
[2024-08-17 08:38:33,821: INFO: main: >>>>>> stage Data Ingestion Stage completed <<<<<<

x==========x]
[2024-08-17 08:38:33,840: INFO: main: >>>>>> stage Data Validation Stage started <<<<<<]
[2024-08-17 08:38:33,868: INFO: common: yaml file: config\config.yaml loaded successfully]
[2024-08-17 08:38:33,869: INFO: common: yaml file: params.yaml loaded successfully]
[2024-08-17 08:38:33,882: INFO: common: yaml file: schema.yaml loaded successfully]
[2024-08-17 08:38:33,884: INFO: common: created directory at: artifacts]
[2024-08-17 08:38:33,886: INFO: common: created directory at: artifacts/data_validation]
[2024-08-17 08:38:34,359: INFO: main: >>>>>> stage Data Validation Stage completed <<<<<<

x==========x]
[2024-08-17 08:38:34,360: INFO: main: >>>>>> stage Data Transformation stage started <<<<<<]
[2024-08-17 08:38:34,369: ERROR: main: main() takes 0 positional arguments but 1 was given]
Traceback (most recent call last):
  File "C:\Users\sredekar\OneDrive - Interpublic\Desktop\Datascience\assignment\ETE_ML_Project\main.py", line 34, in <module>
    data_trasnformation.main()
TypeError: main() takes 0 positional arguments but 1 was given
[2024-08-17 08:48:57,756: INFO: main: >>>>>> stage Data Ingestion Stage started <<<<<<]
[2024-08-17 08:48:57,761: INFO: common: yaml file: config\config.yaml loaded successfully]
[2024-08-17 08:48:57,765: INFO: common: yaml file: params.yaml loaded successfully]
[2024-08-17 08:48:57,774: INFO: common: yaml file: schema.yaml loaded successfully]
[2024-08-17 08:48:57,778: INFO: common: created directory at: artifacts]
[2024-08-17 08:48:57,779: INFO: common: created directory at: artifacts/data_ingestion]
[2024-08-17 08:48:57,780: INFO: data_ingestion: File already exists of size: ~ 1001 KB]
[2024-08-17 08:48:57,821: INFO: main: >>>>>> stage Data Ingestion Stage completed <<<<<<

x==========x]
[2024-08-17 08:48:57,824: INFO: main: >>>>>> stage Data Validation Stage started <<<<<<]
[2024-08-17 08:48:57,827: INFO: common: yaml file: config\config.yaml loaded successfully]
[2024-08-17 08:48:57,831: INFO: common: yaml file: params.yaml loaded successfully]
[2024-08-17 08:48:57,840: INFO: common: yaml file: schema.yaml loaded successfully]
[2024-08-17 08:48:57,843: INFO: common: created directory at: artifacts]
[2024-08-17 08:48:57,845: INFO: common: created directory at: artifacts/data_validation]
[2024-08-17 08:48:58,237: INFO: main: >>>>>> stage Data Validation Stage completed <<<<<<

x==========x]
[2024-08-17 08:51:45,365: INFO: main: >>>>>> stage Data Ingestion Stage started <<<<<<]
[2024-08-17 08:51:45,370: INFO: common: yaml file: config\config.yaml loaded successfully]
[2024-08-17 08:51:45,374: INFO: common: yaml file: params.yaml loaded successfully]
[2024-08-17 08:51:45,397: INFO: common: yaml file: schema.yaml loaded successfully]
[2024-08-17 08:51:45,404: INFO: common: created directory at: artifacts]
[2024-08-17 08:51:45,408: INFO: common: created directory at: artifacts/data_ingestion]
[2024-08-17 08:51:45,408: INFO: data_ingestion: File already exists of size: ~ 1001 KB]
[2024-08-17 08:51:45,449: INFO: main: >>>>>> stage Data Ingestion Stage completed <<<<<<

x==========x]
[2024-08-17 08:51:45,451: INFO: main: >>>>>> stage Data Validation Stage started <<<<<<]
[2024-08-17 08:51:45,463: INFO: common: yaml file: config\config.yaml loaded successfully]
[2024-08-17 08:51:45,463: INFO: common: yaml file: params.yaml loaded successfully]
[2024-08-17 08:51:45,481: INFO: common: yaml file: schema.yaml loaded successfully]
[2024-08-17 08:51:45,484: INFO: common: created directory at: artifacts]
[2024-08-17 08:51:45,485: INFO: common: created directory at: artifacts/data_validation]
[2024-08-17 08:51:46,015: INFO: main: >>>>>> stage Data Validation Stage completed <<<<<<

x==========x]
[2024-08-17 08:53:19,683: INFO: main: >>>>>> stage Data Ingestion Stage started <<<<<<]
[2024-08-17 08:53:19,691: INFO: common: yaml file: config\config.yaml loaded successfully]
[2024-08-17 08:53:19,704: INFO: common: yaml file: params.yaml loaded successfully]
[2024-08-17 08:53:19,717: INFO: common: yaml file: schema.yaml loaded successfully]
[2024-08-17 08:53:19,733: INFO: common: created directory at: artifacts]
[2024-08-17 08:53:19,745: INFO: common: created directory at: artifacts/data_ingestion]
[2024-08-17 08:53:19,751: INFO: data_ingestion: File already exists of size: ~ 1001 KB]
[2024-08-17 08:53:19,831: INFO: main: >>>>>> stage Data Ingestion Stage completed <<<<<<

x==========x]
[2024-08-17 08:53:19,831: INFO: main: >>>>>> stage Data Validation Stage started <<<<<<]
[2024-08-17 08:53:19,851: INFO: common: yaml file: config\config.yaml loaded successfully]
[2024-08-17 08:53:19,859: INFO: common: yaml file: params.yaml loaded successfully]
[2024-08-17 08:53:19,869: INFO: common: yaml file: schema.yaml loaded successfully]
[2024-08-17 08:53:19,881: INFO: common: created directory at: artifacts]
[2024-08-17 08:53:19,883: INFO: common: created directory at: artifacts/data_validation]
[2024-08-17 08:53:20,671: INFO: main: >>>>>> stage Data Validation Stage completed <<<<<<

x==========x]
[2024-08-17 09:23:13,653: INFO: main: >>>>>> stage Data Ingestion Stage started <<<<<<]
[2024-08-17 09:23:13,659: INFO: common: yaml file: config\config.yaml loaded successfully]
[2024-08-17 09:23:13,662: INFO: common: yaml file: params.yaml loaded successfully]
[2024-08-17 09:23:13,670: INFO: common: yaml file: schema.yaml loaded successfully]
[2024-08-17 09:23:13,674: INFO: common: created directory at: artifacts]
[2024-08-17 09:23:13,682: INFO: common: created directory at: artifacts/data_ingestion]
[2024-08-17 09:23:13,686: INFO: data_ingestion: File already exists of size: ~ 1001 KB]
[2024-08-17 09:23:13,729: INFO: main: >>>>>> stage Data Ingestion Stage completed <<<<<<

x==========x]
[2024-08-17 09:23:13,735: INFO: main: >>>>>> stage Data Validation Stage started <<<<<<]
[2024-08-17 09:23:13,738: INFO: common: yaml file: config\config.yaml loaded successfully]
[2024-08-17 09:23:13,742: INFO: common: yaml file: params.yaml loaded successfully]
[2024-08-17 09:23:13,752: INFO: common: yaml file: schema.yaml loaded successfully]
[2024-08-17 09:23:13,757: INFO: common: created directory at: artifacts]
[2024-08-17 09:23:13,759: INFO: common: created directory at: artifacts/data_validation]
[2024-08-17 09:23:14,211: INFO: main: >>>>>> stage Data Validation Stage completed <<<<<<

x==========x]
[2024-08-17 09:23:39,566: INFO: main: >>>>>> stage Data Ingestion Stage started <<<<<<]
[2024-08-17 09:23:39,573: INFO: common: yaml file: config\config.yaml loaded successfully]
[2024-08-17 09:23:39,580: INFO: common: yaml file: params.yaml loaded successfully]
[2024-08-17 09:23:39,594: INFO: common: yaml file: schema.yaml loaded successfully]
[2024-08-17 09:23:39,598: INFO: common: created directory at: artifacts]
[2024-08-17 09:23:39,601: INFO: common: created directory at: artifacts/data_ingestion]
[2024-08-17 09:23:39,602: INFO: data_ingestion: File already exists of size: ~ 1001 KB]
[2024-08-17 09:23:39,643: INFO: main: >>>>>> stage Data Ingestion Stage completed <<<<<<

x==========x]
[2024-08-17 09:23:39,648: INFO: main: >>>>>> stage Data Validation Stage started <<<<<<]
[2024-08-17 09:23:39,654: INFO: common: yaml file: config\config.yaml loaded successfully]
[2024-08-17 09:23:39,658: INFO: common: yaml file: params.yaml loaded successfully]
[2024-08-17 09:23:39,669: INFO: common: yaml file: schema.yaml loaded successfully]
[2024-08-17 09:23:39,671: INFO: common: created directory at: artifacts]
[2024-08-17 09:23:39,673: INFO: common: created directory at: artifacts/data_validation]
[2024-08-17 09:23:40,123: INFO: main: >>>>>> stage Data Validation Stage completed <<<<<<

x==========x]
[2024-08-17 09:23:40,126: INFO: main: >>>>>> stage Data Transformation stage started <<<<<<]
[2024-08-17 09:23:40,126: ERROR: main: main() takes 0 positional arguments but 1 was given]
Traceback (most recent call last):
  File "C:\Users\sredekar\OneDrive - Interpublic\Desktop\Datascience\assignment\ETE_ML_Project\main.py", line 35, in <module>
    data_trasnformation.main()
TypeError: main() takes 0 positional arguments but 1 was given
[2024-08-17 09:26:29,574: INFO: main: >>>>>> stage Data Ingestion Stage started <<<<<<]
[2024-08-17 09:26:29,576: INFO: common: yaml file: config\config.yaml loaded successfully]
[2024-08-17 09:26:29,576: INFO: common: yaml file: params.yaml loaded successfully]
[2024-08-17 09:26:29,593: INFO: common: yaml file: schema.yaml loaded successfully]
[2024-08-17 09:26:29,595: INFO: common: created directory at: artifacts]
[2024-08-17 09:26:29,595: INFO: common: created directory at: artifacts/data_ingestion]
[2024-08-17 09:26:29,595: INFO: data_ingestion: File already exists of size: ~ 1001 KB]
[2024-08-17 09:26:29,636: INFO: main: >>>>>> stage Data Ingestion Stage completed <<<<<<

x==========x]
[2024-08-17 09:26:29,638: INFO: main: >>>>>> stage Data Validation Stage started <<<<<<]
[2024-08-17 09:26:29,643: INFO: common: yaml file: config\config.yaml loaded successfully]
[2024-08-17 09:26:29,647: INFO: common: yaml file: params.yaml loaded successfully]
[2024-08-17 09:26:29,654: INFO: common: yaml file: schema.yaml loaded successfully]
[2024-08-17 09:26:29,656: INFO: common: created directory at: artifacts]
[2024-08-17 09:26:29,656: INFO: common: created directory at: artifacts/data_validation]
[2024-08-17 09:26:30,083: INFO: main: >>>>>> stage Data Validation Stage completed <<<<<<

x==========x]
[2024-08-17 09:26:30,085: INFO: main: >>>>>> stage Data Transformation stage started <<<<<<]
[2024-08-17 09:26:30,090: INFO: common: yaml file: config\config.yaml loaded successfully]
[2024-08-17 09:26:30,094: INFO: common: yaml file: params.yaml loaded successfully]
[2024-08-17 09:26:30,098: INFO: common: yaml file: schema.yaml loaded successfully]
[2024-08-17 09:26:30,104: INFO: common: created directory at: artifacts]
[2024-08-17 09:26:30,106: INFO: common: created directory at: artifacts/data_transformation]
[2024-08-17 09:26:31,017: INFO: data_transformation: Train and Test split done]
[2024-08-17 09:26:31,021: INFO: data_transformation: (22500, 25)]
[2024-08-17 09:26:31,022: INFO: data_transformation: (7500, 25)]
[2024-08-17 09:26:31,025: INFO: main: >>>>>> stage Data Transformation stage completed <<<<<<

x==========x]
[2024-08-17 09:27:29,492: INFO: main: >>>>>> stage Data Ingestion Stage started <<<<<<]
[2024-08-17 09:27:29,493: INFO: common: yaml file: config\config.yaml loaded successfully]
[2024-08-17 09:27:29,493: INFO: common: yaml file: params.yaml loaded successfully]
[2024-08-17 09:27:29,508: INFO: common: yaml file: schema.yaml loaded successfully]
[2024-08-17 09:27:29,515: INFO: common: created directory at: artifacts]
[2024-08-17 09:27:29,518: INFO: common: created directory at: artifacts/data_ingestion]
[2024-08-17 09:27:30,868: INFO: data_ingestion: artifacts/data_ingestion/data.zip download! with following info: 
Connection: close
Content-Length: 1025318
Cache-Control: max-age=300
Content-Security-Policy: default-src 'none'; style-src 'unsafe-inline'; sandbox
Content-Type: application/zip
ETag: "1092c620e522f2a97545206eab13f39f6ff252fd9a9ca31bfe62215a5561c34a"
Strict-Transport-Security: max-age=31536000
X-Content-Type-Options: nosniff
X-Frame-Options: deny
X-XSS-Protection: 1; mode=block
X-GitHub-Request-Id: 7AF5:36B772:5A3C5:78790:66C013A7
Accept-Ranges: bytes
Date: Sat, 17 Aug 2024 03:57:29 GMT
Via: 1.1 varnish
X-Served-By: cache-bom4722-BOM
X-Cache: HIT
X-Cache-Hits: 0
X-Timer: S1723867050.671051,VS0,VE315
Vary: Authorization,Accept-Encoding,Origin
Access-Control-Allow-Origin: *
Cross-Origin-Resource-Policy: cross-origin
X-Fastly-Request-ID: 19456cfd2bdd9dd473a3d85a68f075f6b16fce91
Expires: Sat, 17 Aug 2024 04:02:29 GMT
Source-Age: 0

]
[2024-08-17 09:27:30,914: INFO: main: >>>>>> stage Data Ingestion Stage completed <<<<<<

x==========x]
[2024-08-17 09:27:30,917: INFO: main: >>>>>> stage Data Validation Stage started <<<<<<]
[2024-08-17 09:27:30,920: INFO: common: yaml file: config\config.yaml loaded successfully]
[2024-08-17 09:27:30,926: INFO: common: yaml file: params.yaml loaded successfully]
[2024-08-17 09:27:30,935: INFO: common: yaml file: schema.yaml loaded successfully]
[2024-08-17 09:27:30,936: INFO: common: created directory at: artifacts]
[2024-08-17 09:27:30,937: INFO: common: created directory at: artifacts/data_validation]
[2024-08-17 09:27:31,253: ERROR: data_validation: Column BILL_AMT1 has a different data type: expected str, found float64]
[2024-08-17 09:27:31,411: INFO: main: >>>>>> stage Data Validation Stage completed <<<<<<

x==========x]
[2024-08-17 09:27:31,413: INFO: main: >>>>>> stage Data Transformation stage started <<<<<<]
[2024-08-17 09:27:31,416: INFO: main: >>>>>> stage Data Transformation stage completed <<<<<<

x==========x]
[2024-08-17 09:30:50,098: INFO: main: >>>>>> stage Data Ingestion Stage started <<<<<<]
[2024-08-17 09:30:50,106: INFO: common: yaml file: config\config.yaml loaded successfully]
[2024-08-17 09:30:50,121: INFO: common: yaml file: params.yaml loaded successfully]
[2024-08-17 09:30:50,138: INFO: common: yaml file: schema.yaml loaded successfully]
[2024-08-17 09:30:50,144: INFO: common: created directory at: artifacts]
[2024-08-17 09:30:50,146: INFO: common: created directory at: artifacts/data_ingestion]
[2024-08-17 09:30:50,147: INFO: data_ingestion: File already exists of size: ~ 1001 KB]
[2024-08-17 09:30:50,208: INFO: main: >>>>>> stage Data Ingestion Stage completed <<<<<<

x==========x]
[2024-08-17 09:30:50,219: INFO: main: >>>>>> stage Data Validation Stage started <<<<<<]
[2024-08-17 09:30:50,229: INFO: common: yaml file: config\config.yaml loaded successfully]
[2024-08-17 09:30:50,239: INFO: common: yaml file: params.yaml loaded successfully]
[2024-08-17 09:30:50,251: INFO: common: yaml file: schema.yaml loaded successfully]
[2024-08-17 09:30:50,259: INFO: common: created directory at: artifacts]
[2024-08-17 09:30:50,268: INFO: common: created directory at: artifacts/data_validation]
[2024-08-17 09:30:50,631: ERROR: data_validation: Column BILL_AMT1 has a different data type: expected str, found float64]
[2024-08-17 09:30:50,824: INFO: main: >>>>>> stage Data Validation Stage completed <<<<<<

x==========x]
[2024-08-17 09:30:50,827: INFO: main: >>>>>> stage Data Transformation stage started <<<<<<]
[2024-08-17 09:30:50,829: INFO: main: >>>>>> stage Data Transformation stage completed <<<<<<

x==========x]
[2024-08-17 09:35:12,681: INFO: main: >>>>>> stage Data Ingestion Stage started <<<<<<]
[2024-08-17 09:35:12,687: INFO: common: yaml file: config\config.yaml loaded successfully]
[2024-08-17 09:35:12,697: INFO: common: yaml file: params.yaml loaded successfully]
[2024-08-17 09:35:12,706: INFO: common: yaml file: schema.yaml loaded successfully]
[2024-08-17 09:35:12,709: INFO: common: created directory at: artifacts]
[2024-08-17 09:35:12,710: INFO: common: created directory at: artifacts/data_ingestion]
[2024-08-17 09:35:12,716: INFO: data_ingestion: File already exists of size: ~ 1001 KB]
[2024-08-17 09:35:12,766: INFO: main: >>>>>> stage Data Ingestion Stage completed <<<<<<

x==========x]
[2024-08-17 09:35:12,767: INFO: main: >>>>>> stage Data Validation Stage started <<<<<<]
[2024-08-17 09:35:12,773: INFO: common: yaml file: config\config.yaml loaded successfully]
[2024-08-17 09:35:12,776: INFO: common: yaml file: params.yaml loaded successfully]
[2024-08-17 09:35:12,793: INFO: common: yaml file: schema.yaml loaded successfully]
[2024-08-17 09:35:12,797: INFO: common: created directory at: artifacts]
[2024-08-17 09:35:12,799: INFO: common: created directory at: artifacts/data_validation]
[2024-08-17 09:35:13,094: ERROR: data_validation: Column BILL_AMT1 has a different data type: expected str, found float64]
[2024-08-17 09:35:13,255: INFO: main: >>>>>> stage Data Validation Stage completed <<<<<<

x==========x]
[2024-08-17 09:35:13,256: INFO: main: >>>>>> stage Data Transformation stage started <<<<<<]
[2024-08-17 09:35:13,258: INFO: main: >>>>>> stage Data Transformation stage completed <<<<<<

x==========x]
[2024-08-17 09:37:33,320: INFO: main: >>>>>> stage Data Ingestion Stage started <<<<<<]
[2024-08-17 09:37:33,326: INFO: common: yaml file: config\config.yaml loaded successfully]
[2024-08-17 09:37:33,328: INFO: common: yaml file: params.yaml loaded successfully]
[2024-08-17 09:37:33,336: INFO: common: yaml file: schema.yaml loaded successfully]
[2024-08-17 09:37:33,338: INFO: common: created directory at: artifacts]
[2024-08-17 09:37:33,339: INFO: common: created directory at: artifacts/data_ingestion]
[2024-08-17 09:37:34,817: INFO: data_ingestion: artifacts/data_ingestion/data.zip download! with following info: 
Connection: close
Content-Length: 1025318
Cache-Control: max-age=300
Content-Security-Policy: default-src 'none'; style-src 'unsafe-inline'; sandbox
Content-Type: application/zip
ETag: "1092c620e522f2a97545206eab13f39f6ff252fd9a9ca31bfe62215a5561c34a"
Strict-Transport-Security: max-age=31536000
X-Content-Type-Options: nosniff
X-Frame-Options: deny
X-XSS-Protection: 1; mode=block
X-GitHub-Request-Id: 7AF5:36B772:5A3C5:78790:66C013A7
Accept-Ranges: bytes
Date: Sat, 17 Aug 2024 04:07:33 GMT
Via: 1.1 varnish
X-Served-By: cache-bom4740-BOM
X-Cache: HIT
X-Cache-Hits: 0
X-Timer: S1723867653.483574,VS0,VE395
Vary: Authorization,Accept-Encoding,Origin
Access-Control-Allow-Origin: *
Cross-Origin-Resource-Policy: cross-origin
X-Fastly-Request-ID: 8d723f055979c922e33de4de7750b38caa480997
Expires: Sat, 17 Aug 2024 04:12:33 GMT
Source-Age: 0

]
[2024-08-17 09:37:34,862: INFO: main: >>>>>> stage Data Ingestion Stage completed <<<<<<

x==========x]
[2024-08-17 09:37:34,865: INFO: main: >>>>>> stage Data Validation Stage started <<<<<<]
[2024-08-17 09:37:34,884: INFO: common: yaml file: config\config.yaml loaded successfully]
[2024-08-17 09:37:34,894: INFO: common: yaml file: params.yaml loaded successfully]
[2024-08-17 09:37:34,918: INFO: common: yaml file: schema.yaml loaded successfully]
[2024-08-17 09:37:34,920: INFO: common: created directory at: artifacts]
[2024-08-17 09:37:34,921: INFO: common: created directory at: artifacts/data_validation]
[2024-08-17 09:37:35,243: ERROR: data_validation: Column BILL_AMT1 has a different data type: expected str, found float64]
[2024-08-17 09:37:35,458: INFO: main: >>>>>> stage Data Validation Stage completed <<<<<<

x==========x]
[2024-08-17 09:37:35,461: INFO: main: >>>>>> stage Data Transformation stage started <<<<<<]
[2024-08-17 09:37:35,478: ERROR: main: Data will not transform as validation failed check running logs for more info]
Traceback (most recent call last):
  File "C:\Users\sredekar\OneDrive - Interpublic\Desktop\Datascience\assignment\ETE_ML_Project\main.py", line 35, in <module>
    data_trasnformation.main()
  File "c:\users\sredekar\onedrive - interpublic\desktop\datascience\assignment\ete_ml_project\src\Mlproject\pipeline\stage_data_transformation.py", line 38, in main
    raise e
  File "c:\users\sredekar\onedrive - interpublic\desktop\datascience\assignment\ete_ml_project\src\Mlproject\pipeline\stage_data_transformation.py", line 35, in main
    raise Exception("Data will not transform as validation failed check running logs for more info")
Exception: Data will not transform as validation failed check running logs for more info
[2024-08-17 09:40:39,713: INFO: main: >>>>>> stage Data Ingestion Stage started <<<<<<]
[2024-08-17 09:40:39,730: INFO: common: yaml file: config\config.yaml loaded successfully]
[2024-08-17 09:40:39,736: INFO: common: yaml file: params.yaml loaded successfully]
[2024-08-17 09:40:39,743: INFO: common: yaml file: schema.yaml loaded successfully]
[2024-08-17 09:40:39,748: INFO: common: created directory at: artifacts]
[2024-08-17 09:40:39,749: INFO: common: created directory at: artifacts/data_ingestion]
[2024-08-17 09:40:39,749: INFO: data_ingestion: File already exists of size: ~ 1001 KB]
[2024-08-17 09:40:39,794: INFO: main: >>>>>> stage Data Ingestion Stage completed <<<<<<

x==========x]
[2024-08-17 09:40:39,795: INFO: main: >>>>>> stage Data Validation Stage started <<<<<<]
[2024-08-17 09:40:39,801: INFO: common: yaml file: config\config.yaml loaded successfully]
[2024-08-17 09:40:39,805: INFO: common: yaml file: params.yaml loaded successfully]
[2024-08-17 09:40:39,816: INFO: common: yaml file: schema.yaml loaded successfully]
[2024-08-17 09:40:39,818: INFO: common: created directory at: artifacts]
[2024-08-17 09:40:39,819: INFO: common: created directory at: artifacts/data_validation]
[2024-08-17 09:40:40,294: INFO: main: >>>>>> stage Data Validation Stage completed <<<<<<

x==========x]
[2024-08-17 09:40:40,294: INFO: main: >>>>>> stage Data Transformation stage started <<<<<<]
[2024-08-17 09:40:40,294: INFO: common: yaml file: config\config.yaml loaded successfully]
[2024-08-17 09:40:40,310: INFO: common: yaml file: params.yaml loaded successfully]
[2024-08-17 09:40:40,313: INFO: common: yaml file: schema.yaml loaded successfully]
[2024-08-17 09:40:40,322: INFO: common: created directory at: artifacts]
[2024-08-17 09:40:40,326: INFO: common: created directory at: artifacts/data_transformation]
[2024-08-17 09:40:41,439: INFO: data_transformation: Train and Test split done]
[2024-08-17 09:40:41,442: INFO: data_transformation: (22500, 25)]
[2024-08-17 09:40:41,443: INFO: data_transformation: (7500, 25)]
[2024-08-17 09:40:41,452: INFO: main: >>>>>> stage Data Transformation stage completed <<<<<<

x==========x]
[2024-08-20 14:00:56,192: INFO: common: yaml file: config\config.yaml loaded successfully]
[2024-08-20 14:00:56,199: INFO: common: yaml file: params.yaml loaded successfully]
[2024-08-20 14:00:56,208: INFO: common: yaml file: schema.yaml loaded successfully]
[2024-08-20 14:00:56,210: INFO: common: created directory at: artifacts]
[2024-08-20 14:01:23,871: INFO: common: yaml file: config\config.yaml loaded successfully]
[2024-08-20 14:01:23,875: INFO: common: yaml file: params.yaml loaded successfully]
[2024-08-20 14:01:23,881: INFO: common: yaml file: schema.yaml loaded successfully]
[2024-08-20 14:01:23,884: INFO: common: created directory at: artifacts]
[2024-08-20 14:02:00,708: INFO: common: yaml file: config\config.yaml loaded successfully]
[2024-08-20 14:02:00,710: INFO: common: yaml file: params.yaml loaded successfully]
[2024-08-20 14:02:00,717: INFO: common: yaml file: schema.yaml loaded successfully]
[2024-08-20 14:02:00,718: INFO: common: created directory at: artifacts]
[2024-08-20 14:02:00,720: INFO: common: created directory at: artifacts/model_training]
[2024-08-20 14:44:45,236: INFO: common: yaml file: config\config.yaml loaded successfully]
[2024-08-20 14:44:45,240: INFO: common: yaml file: params.yaml loaded successfully]
[2024-08-20 14:44:45,247: INFO: common: yaml file: schema.yaml loaded successfully]
[2024-08-20 14:44:45,249: INFO: common: created directory at: artifacts]
[2024-08-20 14:44:45,251: INFO: common: created directory at: artifacts/model_training]
[2024-08-20 14:48:35,305: INFO: common: yaml file: config\config.yaml loaded successfully]
[2024-08-20 14:48:35,307: INFO: common: yaml file: params.yaml loaded successfully]
[2024-08-20 14:48:35,313: INFO: common: yaml file: schema.yaml loaded successfully]
[2024-08-20 14:48:35,315: INFO: common: created directory at: artifacts]
[2024-08-20 14:48:35,317: INFO: common: created directory at: artifacts/model_training]
[2024-08-20 14:51:32,947: INFO: common: yaml file: config\config.yaml loaded successfully]
[2024-08-20 14:51:32,947: INFO: common: yaml file: params.yaml loaded successfully]
[2024-08-20 14:51:32,957: INFO: common: yaml file: schema.yaml loaded successfully]
[2024-08-20 14:51:32,960: INFO: common: created directory at: artifacts]
[2024-08-20 14:51:32,961: INFO: common: created directory at: artifacts/model_training]
[2024-08-20 14:59:19,238: INFO: main: >>>>>> stage Data Ingestion Stage started <<<<<<]
[2024-08-20 14:59:19,249: INFO: common: yaml file: config\config.yaml loaded successfully]
[2024-08-20 14:59:19,255: INFO: common: yaml file: params.yaml loaded successfully]
[2024-08-20 14:59:19,257: INFO: common: yaml file: schema.yaml loaded successfully]
[2024-08-20 14:59:19,257: INFO: common: created directory at: artifacts]
[2024-08-20 14:59:19,265: INFO: common: created directory at: artifacts/data_ingestion]
[2024-08-20 14:59:19,268: INFO: data_ingestion: File already exists of size: ~ 1001 KB]
[2024-08-20 14:59:19,328: INFO: main: >>>>>> stage Data Ingestion Stage completed <<<<<<

x==========x]
[2024-08-20 14:59:19,331: INFO: main: >>>>>> stage Data Validation Stage started <<<<<<]
[2024-08-20 14:59:19,338: INFO: common: yaml file: config\config.yaml loaded successfully]
[2024-08-20 14:59:19,345: INFO: common: yaml file: params.yaml loaded successfully]
[2024-08-20 14:59:19,353: INFO: common: yaml file: schema.yaml loaded successfully]
[2024-08-20 14:59:19,355: INFO: common: created directory at: artifacts]
[2024-08-20 14:59:19,368: INFO: common: created directory at: artifacts/data_validation]
[2024-08-20 14:59:19,789: INFO: main: >>>>>> stage Data Validation Stage completed <<<<<<

x==========x]
[2024-08-20 14:59:19,790: INFO: main: >>>>>> stage Data Transformation stage started <<<<<<]
[2024-08-20 14:59:19,796: INFO: common: yaml file: config\config.yaml loaded successfully]
[2024-08-20 14:59:19,799: INFO: common: yaml file: params.yaml loaded successfully]
[2024-08-20 14:59:19,811: INFO: common: yaml file: schema.yaml loaded successfully]
[2024-08-20 14:59:19,814: INFO: common: created directory at: artifacts]
[2024-08-20 14:59:19,815: INFO: common: created directory at: artifacts/data_transformation]
[2024-08-20 14:59:20,603: INFO: data_transformation: Train and Test split done]
[2024-08-20 14:59:20,603: INFO: data_transformation: (22500, 25)]
[2024-08-20 14:59:20,603: INFO: data_transformation: (7500, 25)]
[2024-08-20 14:59:20,612: INFO: main: >>>>>> stage Data Transformation stage completed <<<<<<

x==========x]
[2024-08-20 14:59:20,622: INFO: main: >>>>>>>>>>>Starting Model Training stage<<<<<<<<<<]
[2024-08-20 14:59:20,632: INFO: common: yaml file: config\config.yaml loaded successfully]
[2024-08-20 14:59:20,635: INFO: common: yaml file: params.yaml loaded successfully]
[2024-08-20 14:59:20,653: INFO: common: yaml file: schema.yaml loaded successfully]
[2024-08-20 14:59:20,655: INFO: common: created directory at: artifacts]
[2024-08-20 14:59:20,662: INFO: common: created directory at: artifacts/model_training]
[2024-08-20 14:59:23,053: INFO: main: >>>>>>>>>>>Model Training stage completed successfully<<<<<<<<<]
[2024-08-20 14:59:44,262: INFO: main: >>>>>> stage Data Ingestion Stage started <<<<<<]
[2024-08-20 14:59:44,266: INFO: common: yaml file: config\config.yaml loaded successfully]
[2024-08-20 14:59:44,266: INFO: common: yaml file: params.yaml loaded successfully]
[2024-08-20 14:59:44,275: INFO: common: yaml file: schema.yaml loaded successfully]
[2024-08-20 14:59:44,277: INFO: common: created directory at: artifacts]
[2024-08-20 14:59:44,282: INFO: common: created directory at: artifacts/data_ingestion]
[2024-08-20 14:59:45,646: INFO: data_ingestion: artifacts/data_ingestion/data.zip download! with following info: 
Connection: close
Content-Length: 1025318
Cache-Control: max-age=300
Content-Security-Policy: default-src 'none'; style-src 'unsafe-inline'; sandbox
Content-Type: application/zip
ETag: "1092c620e522f2a97545206eab13f39f6ff252fd9a9ca31bfe62215a5561c34a"
Strict-Transport-Security: max-age=31536000
X-Content-Type-Options: nosniff
X-Frame-Options: deny
X-XSS-Protection: 1; mode=block
X-GitHub-Request-Id: 0931:384FDB:30B447:40CC5B:66C46208
Accept-Ranges: bytes
Date: Tue, 20 Aug 2024 09:29:45 GMT
Via: 1.1 varnish
X-Served-By: cache-hyd1100029-HYD
X-Cache: MISS
X-Cache-Hits: 0
X-Timer: S1724146185.955797,VS0,VE433
Vary: Authorization,Accept-Encoding,Origin
Access-Control-Allow-Origin: *
Cross-Origin-Resource-Policy: cross-origin
X-Fastly-Request-ID: c7e91f354489603491fb7761e1f67f674e0da9be
Expires: Tue, 20 Aug 2024 09:34:45 GMT
Source-Age: 0

]
[2024-08-20 14:59:45,684: INFO: main: >>>>>> stage Data Ingestion Stage completed <<<<<<

x==========x]
[2024-08-20 14:59:45,687: INFO: main: >>>>>> stage Data Validation Stage started <<<<<<]
[2024-08-20 14:59:45,693: INFO: common: yaml file: config\config.yaml loaded successfully]
[2024-08-20 14:59:45,698: INFO: common: yaml file: params.yaml loaded successfully]
[2024-08-20 14:59:45,705: INFO: common: yaml file: schema.yaml loaded successfully]
[2024-08-20 14:59:45,709: INFO: common: created directory at: artifacts]
[2024-08-20 14:59:45,713: INFO: common: created directory at: artifacts/data_validation]
[2024-08-20 14:59:46,131: INFO: main: >>>>>> stage Data Validation Stage completed <<<<<<

x==========x]
[2024-08-20 14:59:46,133: INFO: main: >>>>>> stage Data Transformation stage started <<<<<<]
[2024-08-20 14:59:46,139: INFO: common: yaml file: config\config.yaml loaded successfully]
[2024-08-20 14:59:46,145: INFO: common: yaml file: params.yaml loaded successfully]
[2024-08-20 14:59:46,152: INFO: common: yaml file: schema.yaml loaded successfully]
[2024-08-20 14:59:46,155: INFO: common: created directory at: artifacts]
[2024-08-20 14:59:46,166: INFO: common: created directory at: artifacts/data_transformation]
[2024-08-20 14:59:46,955: INFO: data_transformation: Train and Test split done]
[2024-08-20 14:59:46,956: INFO: data_transformation: (22500, 25)]
[2024-08-20 14:59:46,959: INFO: data_transformation: (7500, 25)]
[2024-08-20 14:59:46,967: INFO: main: >>>>>> stage Data Transformation stage completed <<<<<<

x==========x]
[2024-08-20 14:59:46,967: INFO: main: >>>>>>>>>>>Starting Model Training stage<<<<<<<<<<]
[2024-08-20 14:59:46,971: INFO: common: yaml file: config\config.yaml loaded successfully]
[2024-08-20 14:59:46,986: INFO: common: yaml file: params.yaml loaded successfully]
[2024-08-20 14:59:46,991: INFO: common: yaml file: schema.yaml loaded successfully]
[2024-08-20 14:59:46,996: INFO: common: created directory at: artifacts]
[2024-08-20 14:59:46,997: INFO: common: created directory at: artifacts/model_training]
[2024-08-20 14:59:49,979: INFO: main: >>>>>>>>>>>Model Training stage completed successfully<<<<<<<<<]
[2024-08-21 18:21:28,234: INFO: common: yaml file: config\config.yaml loaded successfully]
[2024-08-21 18:21:28,238: INFO: common: yaml file: params.yaml loaded successfully]
[2024-08-21 18:21:28,246: INFO: common: yaml file: schema.yaml loaded successfully]
[2024-08-21 18:21:28,248: INFO: common: created directory at: artifacts]
[2024-08-21 18:25:36,027: INFO: common: yaml file: config\config.yaml loaded successfully]
[2024-08-21 18:25:36,040: INFO: common: yaml file: params.yaml loaded successfully]
[2024-08-21 18:25:36,047: INFO: common: yaml file: schema.yaml loaded successfully]
[2024-08-21 18:25:36,049: INFO: common: created directory at: artifacts]
[2024-08-21 18:34:21,226: INFO: common: yaml file: config\config.yaml loaded successfully]
[2024-08-21 18:34:21,232: INFO: common: yaml file: params.yaml loaded successfully]
[2024-08-21 18:34:21,247: INFO: common: yaml file: schema.yaml loaded successfully]
[2024-08-21 18:34:21,251: INFO: common: created directory at: artifacts]
[2024-08-21 18:39:40,249: INFO: common: yaml file: config\config.yaml loaded successfully]
[2024-08-21 18:39:40,252: INFO: common: yaml file: params.yaml loaded successfully]
[2024-08-21 18:39:40,259: INFO: common: yaml file: schema.yaml loaded successfully]
[2024-08-21 18:39:40,261: INFO: common: created directory at: artifacts]
[2024-08-21 18:42:07,214: INFO: common: yaml file: config\config.yaml loaded successfully]
[2024-08-21 18:42:07,217: INFO: common: yaml file: params.yaml loaded successfully]
[2024-08-21 18:42:07,224: INFO: common: yaml file: schema.yaml loaded successfully]
[2024-08-21 18:42:07,227: INFO: common: created directory at: artifacts]
[2024-08-21 18:42:07,228: INFO: common: created directory at: artifacts/model_evaluation]
[2024-08-21 18:42:51,001: INFO: common: yaml file: config\config.yaml loaded successfully]
[2024-08-21 18:42:51,003: INFO: common: yaml file: params.yaml loaded successfully]
[2024-08-21 18:42:51,012: INFO: common: yaml file: schema.yaml loaded successfully]
[2024-08-21 18:42:51,014: INFO: common: created directory at: artifacts]
[2024-08-21 18:42:51,015: INFO: common: created directory at: artifacts/model_evaluation]
[2024-08-21 18:43:35,031: INFO: common: yaml file: config\config.yaml loaded successfully]
[2024-08-21 18:43:35,034: INFO: common: yaml file: params.yaml loaded successfully]
[2024-08-21 18:43:35,041: INFO: common: yaml file: schema.yaml loaded successfully]
[2024-08-21 18:43:35,046: INFO: common: created directory at: artifacts]
[2024-08-21 18:43:35,050: INFO: common: created directory at: artifacts/model_evaluation]
[2024-08-21 18:43:55,041: INFO: common: yaml file: config\config.yaml loaded successfully]
[2024-08-21 18:43:55,045: INFO: common: yaml file: params.yaml loaded successfully]
[2024-08-21 18:43:55,051: INFO: common: yaml file: schema.yaml loaded successfully]
[2024-08-21 18:43:55,053: INFO: common: created directory at: artifacts]
[2024-08-21 18:43:55,054: INFO: common: created directory at: artifacts/model_evaluation]
[2024-08-21 18:46:31,751: INFO: common: yaml file: config\config.yaml loaded successfully]
[2024-08-21 18:46:31,756: INFO: common: yaml file: params.yaml loaded successfully]
[2024-08-21 18:46:31,764: INFO: common: yaml file: schema.yaml loaded successfully]
[2024-08-21 18:46:31,766: INFO: common: created directory at: artifacts]
[2024-08-21 18:46:31,768: INFO: common: created directory at: artifacts/model_evaluation]
[2024-08-21 18:46:31,850: INFO: common: json file saved at: artifacts\model_evaluation\metrics.json]
[2024-08-21 18:53:20,360: INFO: main: >>>>>> stage Data Ingestion Stage started <<<<<<]
[2024-08-21 18:53:20,367: INFO: common: yaml file: config\config.yaml loaded successfully]
[2024-08-21 18:53:20,367: INFO: common: yaml file: params.yaml loaded successfully]
[2024-08-21 18:53:20,367: INFO: common: yaml file: schema.yaml loaded successfully]
[2024-08-21 18:53:20,378: INFO: common: created directory at: artifacts]
[2024-08-21 18:53:20,380: INFO: common: created directory at: artifacts/data_ingestion]
[2024-08-21 18:53:21,676: INFO: data_ingestion: artifacts/data_ingestion/data.zip download! with following info: 
Connection: close
Content-Length: 1025318
Cache-Control: max-age=300
Content-Security-Policy: default-src 'none'; style-src 'unsafe-inline'; sandbox
Content-Type: application/zip
ETag: "1092c620e522f2a97545206eab13f39f6ff252fd9a9ca31bfe62215a5561c34a"
Strict-Transport-Security: max-age=31536000
X-Content-Type-Options: nosniff
X-Frame-Options: deny
X-XSS-Protection: 1; mode=block
X-GitHub-Request-Id: 5E1C:CF2FA:468C40:5BB297:66C5EA48
Accept-Ranges: bytes
Date: Wed, 21 Aug 2024 13:23:21 GMT
Via: 1.1 varnish
X-Served-By: cache-hyd1100035-HYD
X-Cache: MISS
X-Cache-Hits: 0
X-Timer: S1724246601.137851,VS0,VE386
Vary: Authorization,Accept-Encoding,Origin
Access-Control-Allow-Origin: *
Cross-Origin-Resource-Policy: cross-origin
X-Fastly-Request-ID: 819cdcede582d4a109f0517cb68c995b7f3d46ab
Expires: Wed, 21 Aug 2024 13:28:21 GMT
Source-Age: 0

]
[2024-08-21 18:53:21,718: INFO: main: >>>>>> stage Data Ingestion Stage completed <<<<<<

x==========x]
[2024-08-21 18:53:21,718: INFO: main: >>>>>> stage Data Validation Stage started <<<<<<]
[2024-08-21 18:53:21,728: INFO: common: yaml file: config\config.yaml loaded successfully]
[2024-08-21 18:53:21,730: INFO: common: yaml file: params.yaml loaded successfully]
[2024-08-21 18:53:21,736: INFO: common: yaml file: schema.yaml loaded successfully]
[2024-08-21 18:53:21,738: INFO: common: created directory at: artifacts]
[2024-08-21 18:53:21,739: INFO: common: created directory at: artifacts/data_validation]
[2024-08-21 18:53:22,266: INFO: main: >>>>>> stage Data Validation Stage completed <<<<<<

x==========x]
[2024-08-21 18:53:22,276: INFO: main: >>>>>> stage Data Transformation stage started <<<<<<]
[2024-08-21 18:53:22,284: INFO: common: yaml file: config\config.yaml loaded successfully]
[2024-08-21 18:53:22,288: INFO: common: yaml file: params.yaml loaded successfully]
[2024-08-21 18:53:22,304: INFO: common: yaml file: schema.yaml loaded successfully]
[2024-08-21 18:53:22,307: INFO: common: created directory at: artifacts]
[2024-08-21 18:53:22,317: INFO: common: created directory at: artifacts/data_transformation]
[2024-08-21 18:53:23,130: INFO: data_transformation: Train and Test split done]
[2024-08-21 18:53:23,130: INFO: data_transformation: (22500, 25)]
[2024-08-21 18:53:23,130: INFO: data_transformation: (7500, 25)]
[2024-08-21 18:53:23,138: INFO: main: >>>>>> stage Data Transformation stage completed <<<<<<

x==========x]
[2024-08-21 18:53:23,141: INFO: main: >>>>>>>>>>>Starting Model Training stage<<<<<<<<<<]
[2024-08-21 18:53:23,156: INFO: common: yaml file: config\config.yaml loaded successfully]
[2024-08-21 18:53:23,161: INFO: common: yaml file: params.yaml loaded successfully]
[2024-08-21 18:53:23,171: INFO: common: yaml file: schema.yaml loaded successfully]
[2024-08-21 18:53:23,176: INFO: common: created directory at: artifacts]
[2024-08-21 18:53:23,177: INFO: common: created directory at: artifacts/model_training]
[2024-08-21 18:53:25,613: INFO: main: >>>>>>>>>>>Model Training stage completed successfully<<<<<<<<<]
[2024-08-21 18:53:25,613: INFO: main: >>>>>>>>>>>Starting Model Evaluation stage<<<<<<<<<<]
[2024-08-21 18:53:25,621: INFO: common: yaml file: config\config.yaml loaded successfully]
[2024-08-21 18:53:25,624: INFO: common: yaml file: params.yaml loaded successfully]
[2024-08-21 18:53:25,630: INFO: common: yaml file: schema.yaml loaded successfully]
[2024-08-21 18:53:25,631: INFO: common: created directory at: artifacts]
[2024-08-21 18:53:25,633: INFO: common: created directory at: artifacts/model_evaluation]
[2024-08-21 18:53:25,633: ERROR: main: An error occurred in Model Evaluation stage: 'ModelEvaluation' object has no attribute 'train']
Traceback (most recent call last):
  File "C:\Users\sredekar\OneDrive - Interpublic\Desktop\Datascience\assignment\ETE_ML_Project\main.py", line 56, in <module>
    ModelEvaluationPipeline().main()
  File "c:\users\sredekar\onedrive - interpublic\desktop\datascience\assignment\ete_ml_project\src\Mlproject\pipeline\stage_model_evaluation.py", line 15, in main
    model_training.train()
AttributeError: 'ModelEvaluation' object has no attribute 'train'
[2024-08-21 18:54:02,938: INFO: main: >>>>>> stage Data Ingestion Stage started <<<<<<]
[2024-08-21 18:54:02,952: INFO: common: yaml file: config\config.yaml loaded successfully]
[2024-08-21 18:54:02,954: INFO: common: yaml file: params.yaml loaded successfully]
[2024-08-21 18:54:02,963: INFO: common: yaml file: schema.yaml loaded successfully]
[2024-08-21 18:54:02,964: INFO: common: created directory at: artifacts]
[2024-08-21 18:54:02,965: INFO: common: created directory at: artifacts/data_ingestion]
[2024-08-21 18:54:02,966: INFO: data_ingestion: File already exists of size: ~ 1001 KB]
[2024-08-21 18:54:03,002: INFO: main: >>>>>> stage Data Ingestion Stage completed <<<<<<

x==========x]
[2024-08-21 18:54:03,002: INFO: main: >>>>>> stage Data Validation Stage started <<<<<<]
[2024-08-21 18:54:03,013: INFO: common: yaml file: config\config.yaml loaded successfully]
[2024-08-21 18:54:03,016: INFO: common: yaml file: params.yaml loaded successfully]
[2024-08-21 18:54:03,024: INFO: common: yaml file: schema.yaml loaded successfully]
[2024-08-21 18:54:03,028: INFO: common: created directory at: artifacts]
[2024-08-21 18:54:03,029: INFO: common: created directory at: artifacts/data_validation]
[2024-08-21 18:54:03,420: INFO: main: >>>>>> stage Data Validation Stage completed <<<<<<

x==========x]
[2024-08-21 18:54:03,422: INFO: main: >>>>>> stage Data Transformation stage started <<<<<<]
[2024-08-21 18:54:03,426: INFO: common: yaml file: config\config.yaml loaded successfully]
[2024-08-21 18:54:03,430: INFO: common: yaml file: params.yaml loaded successfully]
[2024-08-21 18:54:03,436: INFO: common: yaml file: schema.yaml loaded successfully]
[2024-08-21 18:54:03,440: INFO: common: created directory at: artifacts]
[2024-08-21 18:54:03,441: INFO: common: created directory at: artifacts/data_transformation]
[2024-08-21 18:54:04,112: INFO: data_transformation: Train and Test split done]
[2024-08-21 18:54:04,112: INFO: data_transformation: (22500, 25)]
[2024-08-21 18:54:04,112: INFO: data_transformation: (7500, 25)]
[2024-08-21 18:54:04,128: INFO: main: >>>>>> stage Data Transformation stage completed <<<<<<

x==========x]
[2024-08-21 18:54:04,134: INFO: main: >>>>>>>>>>>Starting Model Training stage<<<<<<<<<<]
[2024-08-21 18:54:04,145: INFO: common: yaml file: config\config.yaml loaded successfully]
[2024-08-21 18:54:04,147: INFO: common: yaml file: params.yaml loaded successfully]
[2024-08-21 18:54:04,150: INFO: common: yaml file: schema.yaml loaded successfully]
[2024-08-21 18:54:04,150: INFO: common: created directory at: artifacts]
[2024-08-21 18:54:04,155: INFO: common: created directory at: artifacts/model_training]
[2024-08-21 18:54:06,298: INFO: main: >>>>>>>>>>>Model Training stage completed successfully<<<<<<<<<]
[2024-08-21 18:54:06,298: INFO: main: >>>>>>>>>>>Starting Model Evaluation stage<<<<<<<<<<]
[2024-08-21 18:54:06,316: INFO: common: yaml file: config\config.yaml loaded successfully]
[2024-08-21 18:54:06,319: INFO: common: yaml file: params.yaml loaded successfully]
[2024-08-21 18:54:06,325: INFO: common: yaml file: schema.yaml loaded successfully]
[2024-08-21 18:54:06,326: INFO: common: created directory at: artifacts]
[2024-08-21 18:54:06,388: INFO: common: created directory at: artifacts/model_evaluation]
[2024-08-21 18:54:06,537: INFO: common: json file saved at: artifacts\model_evaluation\metrics.json]
[2024-08-21 18:54:06,539: INFO: main: >>>>>>>>>>>Model Evaluation stage completed successfully<<<<<<<<<]
[2024-08-22 07:16:29,616: INFO: main: >>>>>> stage Data Ingestion Stage started <<<<<<]
[2024-08-22 07:16:29,620: INFO: common: yaml file: config\config.yaml loaded successfully]
[2024-08-22 07:16:29,629: INFO: common: yaml file: params.yaml loaded successfully]
[2024-08-22 07:16:29,631: INFO: common: yaml file: schema.yaml loaded successfully]
[2024-08-22 07:16:29,637: INFO: common: created directory at: artifacts]
[2024-08-22 07:16:29,643: INFO: common: created directory at: artifacts/data_ingestion]
[2024-08-22 07:16:31,314: INFO: data_ingestion: artifacts/data_ingestion/data.zip download! with following info: 
Connection: close
Content-Length: 1025318
Cache-Control: max-age=300
Content-Security-Policy: default-src 'none'; style-src 'unsafe-inline'; sandbox
Content-Type: application/zip
ETag: "1092c620e522f2a97545206eab13f39f6ff252fd9a9ca31bfe62215a5561c34a"
Strict-Transport-Security: max-age=31536000
X-Content-Type-Options: nosniff
X-Frame-Options: deny
X-XSS-Protection: 1; mode=block
X-GitHub-Request-Id: 62A7:A0CB3:33147B:40D21C:66C69875
Accept-Ranges: bytes
Date: Thu, 22 Aug 2024 01:46:30 GMT
Via: 1.1 varnish
X-Served-By: cache-bom4735-BOM
X-Cache: MISS
X-Cache-Hits: 0
X-Timer: S1724291191.523684,VS0,VE348
Vary: Authorization,Accept-Encoding,Origin
Access-Control-Allow-Origin: *
Cross-Origin-Resource-Policy: cross-origin
X-Fastly-Request-ID: 02e50a45ea06a730636bd3077340ce1fc2d9b5eb
Expires: Thu, 22 Aug 2024 01:51:30 GMT
Source-Age: 0

]
[2024-08-22 07:16:31,364: INFO: main: >>>>>> stage Data Ingestion Stage completed <<<<<<

x==========x]
[2024-08-22 07:16:31,366: INFO: main: >>>>>> stage Data Validation Stage started <<<<<<]
[2024-08-22 07:16:31,379: INFO: common: yaml file: config\config.yaml loaded successfully]
[2024-08-22 07:16:31,382: INFO: common: yaml file: params.yaml loaded successfully]
[2024-08-22 07:16:31,397: INFO: common: yaml file: schema.yaml loaded successfully]
[2024-08-22 07:16:31,400: INFO: common: created directory at: artifacts]
[2024-08-22 07:16:31,402: INFO: common: created directory at: artifacts/data_validation]
[2024-08-22 07:16:31,885: INFO: main: >>>>>> stage Data Validation Stage completed <<<<<<

x==========x]
[2024-08-22 07:16:31,885: INFO: main: >>>>>> stage Data Transformation stage started <<<<<<]
[2024-08-22 07:16:31,894: INFO: common: yaml file: config\config.yaml loaded successfully]
[2024-08-22 07:16:31,897: INFO: common: yaml file: params.yaml loaded successfully]
[2024-08-22 07:16:31,911: INFO: common: yaml file: schema.yaml loaded successfully]
[2024-08-22 07:16:31,913: INFO: common: created directory at: artifacts]
[2024-08-22 07:16:31,917: INFO: common: created directory at: artifacts/data_transformation]
[2024-08-22 07:16:32,947: INFO: data_transformation: Train and Test split done]
[2024-08-22 07:16:32,950: INFO: data_transformation: (22500, 25)]
[2024-08-22 07:16:32,952: INFO: data_transformation: (7500, 25)]
[2024-08-22 07:16:33,243: INFO: main: >>>>>> stage Data Transformation stage completed <<<<<<

x==========x]
[2024-08-22 07:16:33,244: INFO: main: >>>>>>>>>>>Starting Model Training stage<<<<<<<<<<]
[2024-08-22 07:16:33,254: INFO: common: yaml file: config\config.yaml loaded successfully]
[2024-08-22 07:16:33,259: INFO: common: yaml file: params.yaml loaded successfully]
[2024-08-22 07:16:33,267: INFO: common: yaml file: schema.yaml loaded successfully]
[2024-08-22 07:16:33,269: INFO: common: created directory at: artifacts]
[2024-08-22 07:16:33,271: INFO: common: created directory at: artifacts/model_training]
[2024-08-22 07:16:36,484: INFO: main: >>>>>>>>>>>Model Training stage completed successfully<<<<<<<<<]
[2024-08-22 07:16:36,484: INFO: main: >>>>>>>>>>>Starting Model Evaluation stage<<<<<<<<<<]
[2024-08-22 07:16:36,496: INFO: common: yaml file: config\config.yaml loaded successfully]
[2024-08-22 07:16:36,499: INFO: common: yaml file: params.yaml loaded successfully]
[2024-08-22 07:16:36,508: INFO: common: yaml file: schema.yaml loaded successfully]
[2024-08-22 07:16:36,519: INFO: common: created directory at: artifacts]
[2024-08-22 07:16:36,523: INFO: common: created directory at: artifacts/model_evaluation]
[2024-08-22 07:16:36,691: INFO: common: json file saved at: artifacts\model_evaluation\metrics.json]
[2024-08-22 07:16:36,693: INFO: main: >>>>>>>>>>>Model Evaluation stage completed successfully<<<<<<<<<]
[2024-08-22 07:17:28,430: INFO: main: >>>>>> stage Data Ingestion Stage started <<<<<<]
[2024-08-22 07:17:28,434: INFO: common: yaml file: config\config.yaml loaded successfully]
[2024-08-22 07:17:28,436: INFO: common: yaml file: params.yaml loaded successfully]
[2024-08-22 07:17:28,440: INFO: common: yaml file: schema.yaml loaded successfully]
[2024-08-22 07:17:28,444: INFO: common: created directory at: artifacts]
[2024-08-22 07:17:28,445: INFO: common: created directory at: artifacts/data_ingestion]
[2024-08-22 07:17:28,446: INFO: data_ingestion: File already exists of size: ~ 1001 KB]
[2024-08-22 07:17:28,476: INFO: main: >>>>>> stage Data Ingestion Stage completed <<<<<<

x==========x]
[2024-08-22 07:17:28,478: INFO: main: >>>>>> stage Data Validation Stage started <<<<<<]
[2024-08-22 07:17:28,485: INFO: common: yaml file: config\config.yaml loaded successfully]
[2024-08-22 07:17:28,488: INFO: common: yaml file: params.yaml loaded successfully]
[2024-08-22 07:17:28,495: INFO: common: yaml file: schema.yaml loaded successfully]
[2024-08-22 07:17:28,497: INFO: common: created directory at: artifacts]
[2024-08-22 07:17:28,498: INFO: common: created directory at: artifacts/data_validation]
[2024-08-22 07:17:28,862: INFO: main: >>>>>> stage Data Validation Stage completed <<<<<<

x==========x]
[2024-08-22 07:17:28,864: INFO: main: >>>>>> stage Data Transformation stage started <<<<<<]
[2024-08-22 07:17:28,868: INFO: common: yaml file: config\config.yaml loaded successfully]
[2024-08-22 07:17:28,876: INFO: common: yaml file: params.yaml loaded successfully]
[2024-08-22 07:17:28,882: INFO: common: yaml file: schema.yaml loaded successfully]
[2024-08-22 07:17:28,893: INFO: common: created directory at: artifacts]
[2024-08-22 07:17:28,896: INFO: common: created directory at: artifacts/data_transformation]
[2024-08-22 07:17:29,528: INFO: data_transformation: Train and Test split done]
[2024-08-22 07:17:29,548: INFO: data_transformation: (22500, 25)]
[2024-08-22 07:17:29,554: INFO: data_transformation: (7500, 25)]
[2024-08-22 07:17:29,710: INFO: main: >>>>>> stage Data Transformation stage completed <<<<<<

x==========x]
[2024-08-22 07:17:29,711: INFO: main: >>>>>>>>>>>Starting Model Training stage<<<<<<<<<<]
[2024-08-22 07:17:29,715: INFO: common: yaml file: config\config.yaml loaded successfully]
[2024-08-22 07:17:29,730: INFO: common: yaml file: params.yaml loaded successfully]
[2024-08-22 07:17:29,737: INFO: common: yaml file: schema.yaml loaded successfully]
[2024-08-22 07:17:29,789: INFO: common: created directory at: artifacts]
[2024-08-22 07:17:29,798: INFO: common: created directory at: artifacts/model_training]
[2024-08-22 07:17:31,703: INFO: main: >>>>>>>>>>>Model Training stage completed successfully<<<<<<<<<]
[2024-08-22 07:17:31,703: INFO: main: >>>>>>>>>>>Starting Model Evaluation stage<<<<<<<<<<]
[2024-08-22 07:17:31,712: INFO: common: yaml file: config\config.yaml loaded successfully]
[2024-08-22 07:17:31,714: INFO: common: yaml file: params.yaml loaded successfully]
[2024-08-22 07:17:31,719: INFO: common: yaml file: schema.yaml loaded successfully]
[2024-08-22 07:17:31,720: INFO: common: created directory at: artifacts]
[2024-08-22 07:17:31,722: INFO: common: created directory at: artifacts/model_evaluation]
[2024-08-22 07:17:31,822: INFO: common: json file saved at: artifacts\model_evaluation\metrics.json]
[2024-08-22 07:17:31,823: INFO: main: >>>>>>>>>>>Model Evaluation stage completed successfully<<<<<<<<<]
[2024-08-22 12:19:28,466: INFO: common: yaml file: config\config.yaml loaded successfully]
[2024-08-22 12:19:28,473: INFO: common: yaml file: params.yaml loaded successfully]
[2024-08-22 12:19:28,485: INFO: common: yaml file: schema.yaml loaded successfully]
[2024-08-22 12:19:28,489: INFO: common: created directory at: artifacts]
[2024-08-22 12:19:28,494: INFO: common: created directory at: artifacts/model_training]
[2024-08-22 12:20:58,220: INFO: common: yaml file: config\config.yaml loaded successfully]
[2024-08-22 12:20:58,222: INFO: common: yaml file: params.yaml loaded successfully]
[2024-08-22 12:20:58,229: INFO: common: yaml file: schema.yaml loaded successfully]
[2024-08-22 12:20:58,231: INFO: common: created directory at: artifacts]
[2024-08-22 12:20:58,232: INFO: common: created directory at: artifacts/model_training]
[2024-08-22 13:59:13,696: INFO: common: yaml file: config\config.yaml loaded successfully]
[2024-08-22 13:59:13,701: INFO: common: yaml file: params.yaml loaded successfully]
[2024-08-22 13:59:13,709: INFO: common: yaml file: schema.yaml loaded successfully]
[2024-08-22 13:59:13,712: INFO: common: created directory at: artifacts]
[2024-08-22 13:59:13,723: INFO: common: created directory at: artifacts/model_training]
[2024-08-22 14:15:24,783: INFO: common: yaml file: config\config.yaml loaded successfully]
[2024-08-22 14:15:24,788: INFO: common: yaml file: params.yaml loaded successfully]
[2024-08-22 14:15:24,796: INFO: common: yaml file: schema.yaml loaded successfully]
[2024-08-22 14:15:24,799: INFO: common: created directory at: artifacts]
[2024-08-22 14:15:24,802: INFO: common: created directory at: artifacts/model_evaluation]
[2024-08-22 14:15:25,084: INFO: common: json file saved at: artifacts\model_evaluation\metrics.json]
[2024-08-22 14:17:01,310: INFO: main: >>>>>> stage Data Ingestion Stage started <<<<<<]
[2024-08-22 14:17:01,315: INFO: common: yaml file: config\config.yaml loaded successfully]
[2024-08-22 14:17:01,318: INFO: common: yaml file: params.yaml loaded successfully]
[2024-08-22 14:17:01,324: INFO: common: yaml file: schema.yaml loaded successfully]
[2024-08-22 14:17:01,329: INFO: common: created directory at: artifacts]
[2024-08-22 14:17:01,330: INFO: common: created directory at: artifacts/data_ingestion]
[2024-08-22 14:17:01,331: INFO: data_ingestion: File already exists of size: ~ 1001 KB]
[2024-08-22 14:17:01,372: INFO: main: >>>>>> stage Data Ingestion Stage completed <<<<<<

x==========x]
[2024-08-22 14:17:01,378: INFO: main: >>>>>> stage Data Validation Stage started <<<<<<]
[2024-08-22 14:17:01,387: INFO: common: yaml file: config\config.yaml loaded successfully]
[2024-08-22 14:17:01,405: INFO: common: yaml file: params.yaml loaded successfully]
[2024-08-22 14:17:01,448: INFO: common: yaml file: schema.yaml loaded successfully]
[2024-08-22 14:17:01,464: INFO: common: created directory at: artifacts]
[2024-08-22 14:17:01,467: INFO: common: created directory at: artifacts/data_validation]
[2024-08-22 14:17:01,883: INFO: main: >>>>>> stage Data Validation Stage completed <<<<<<

x==========x]
[2024-08-22 14:17:01,884: INFO: main: >>>>>> stage Data Transformation stage started <<<<<<]
[2024-08-22 14:17:01,892: INFO: common: yaml file: config\config.yaml loaded successfully]
[2024-08-22 14:17:01,897: INFO: common: yaml file: params.yaml loaded successfully]
[2024-08-22 14:17:01,904: INFO: common: yaml file: schema.yaml loaded successfully]
[2024-08-22 14:17:01,908: INFO: common: created directory at: artifacts]
[2024-08-22 14:17:01,911: INFO: common: created directory at: artifacts/data_transformation]
[2024-08-22 14:17:01,916: ERROR: main: "'ConfigBox' object has no attribute 'scaler_name'"]
Traceback (most recent call last):
  File "box\box.py", line 503, in box.box.Box.__getitem__
KeyError: 'scaler_name'

The above exception was the direct cause of the following exception:

Traceback (most recent call last):
  File "box\box.py", line 536, in box.box.Box.__getattr__
  File "box\box.py", line 524, in box.box.Box.__getitem__
box.exceptions.BoxKeyError: "'scaler_name'"

During handling of the above exception, another exception occurred:

Traceback (most recent call last):
  File "box\box.py", line 538, in box.box.Box.__getattr__
AttributeError: 'ConfigBox' object has no attribute 'scaler_name'

The above exception was the direct cause of the following exception:

Traceback (most recent call last):
  File "box\config_box.py", line 28, in box.config_box.ConfigBox.__getattr__
  File "box\box.py", line 552, in box.box.Box.__getattr__
box.exceptions.BoxKeyError: "'ConfigBox' object has no attribute 'scaler_name'"

During handling of the above exception, another exception occurred:

Traceback (most recent call last):
  File "box\box.py", line 503, in box.box.Box.__getitem__
KeyError: 'scaler_name'

The above exception was the direct cause of the following exception:

Traceback (most recent call last):
  File "box\box.py", line 536, in box.box.Box.__getattr__
  File "box\box.py", line 524, in box.box.Box.__getitem__
box.exceptions.BoxKeyError: "'scaler_name'"

During handling of the above exception, another exception occurred:

Traceback (most recent call last):
  File "box\box.py", line 538, in box.box.Box.__getattr__
AttributeError: 'ConfigBox' object has no attribute 'scaler_name'

The above exception was the direct cause of the following exception:

Traceback (most recent call last):
  File "C:\Users\sredekar\OneDrive - Interpublic\Desktop\Datascience\assignment\ETE_ML_Project\main.py", line 37, in <module>
    data_trasnformation.main()
  File "c:\users\sredekar\onedrive - interpublic\desktop\datascience\assignment\ete_ml_project\src\Mlproject\pipeline\stage_data_transformation.py", line 39, in main
    raise e
  File "c:\users\sredekar\onedrive - interpublic\desktop\datascience\assignment\ete_ml_project\src\Mlproject\pipeline\stage_data_transformation.py", line 31, in main
    data_transformation_config = config.get_data_transformation_config()
  File "c:\users\sredekar\onedrive - interpublic\desktop\datascience\assignment\ete_ml_project\src\Mlproject\config\configuration.py", line 59, in get_data_transformation_config
    scaler_name = config.scaler_name
  File "box\config_box.py", line 30, in box.config_box.ConfigBox.__getattr__
  File "box\box.py", line 552, in box.box.Box.__getattr__
box.exceptions.BoxKeyError: "'ConfigBox' object has no attribute 'scaler_name'"
[2024-08-22 14:21:49,431: INFO: main: >>>>>> stage Data Ingestion Stage started <<<<<<]
[2024-08-22 14:21:49,438: INFO: common: yaml file: config\config.yaml loaded successfully]
[2024-08-22 14:21:49,442: INFO: common: yaml file: params.yaml loaded successfully]
[2024-08-22 14:21:49,451: INFO: common: yaml file: schema.yaml loaded successfully]
[2024-08-22 14:21:49,453: INFO: common: created directory at: artifacts]
[2024-08-22 14:21:49,454: INFO: common: created directory at: artifacts/data_ingestion]
[2024-08-22 14:21:49,454: INFO: data_ingestion: File already exists of size: ~ 1001 KB]
[2024-08-22 14:21:49,487: INFO: main: >>>>>> stage Data Ingestion Stage completed <<<<<<

x==========x]
[2024-08-22 14:21:49,488: INFO: main: >>>>>> stage Data Validation Stage started <<<<<<]
[2024-08-22 14:21:49,496: INFO: common: yaml file: config\config.yaml loaded successfully]
[2024-08-22 14:21:49,500: INFO: common: yaml file: params.yaml loaded successfully]
[2024-08-22 14:21:49,506: INFO: common: yaml file: schema.yaml loaded successfully]
[2024-08-22 14:21:49,511: INFO: common: created directory at: artifacts]
[2024-08-22 14:21:49,513: INFO: common: created directory at: artifacts/data_validation]
[2024-08-22 14:21:50,039: INFO: main: >>>>>> stage Data Validation Stage completed <<<<<<

x==========x]
[2024-08-22 14:21:50,039: INFO: main: >>>>>> stage Data Transformation stage started <<<<<<]
[2024-08-22 14:21:50,048: INFO: common: yaml file: config\config.yaml loaded successfully]
[2024-08-22 14:21:50,051: INFO: common: yaml file: params.yaml loaded successfully]
[2024-08-22 14:21:50,062: INFO: common: yaml file: schema.yaml loaded successfully]
[2024-08-22 14:21:50,067: INFO: common: created directory at: artifacts]
[2024-08-22 14:21:50,070: INFO: common: created directory at: artifacts/data_transformation]
[2024-08-22 14:21:50,070: ERROR: main: __init__() missing 1 required positional argument: 'scaler_name']
Traceback (most recent call last):
  File "C:\Users\sredekar\OneDrive - Interpublic\Desktop\Datascience\assignment\ETE_ML_Project\main.py", line 37, in <module>
    data_trasnformation.main()
  File "c:\users\sredekar\onedrive - interpublic\desktop\datascience\assignment\ete_ml_project\src\Mlproject\pipeline\stage_data_transformation.py", line 39, in main
    raise e
  File "c:\users\sredekar\onedrive - interpublic\desktop\datascience\assignment\ete_ml_project\src\Mlproject\pipeline\stage_data_transformation.py", line 31, in main
    data_transformation_config = config.get_data_transformation_config()
  File "c:\users\sredekar\onedrive - interpublic\desktop\datascience\assignment\ete_ml_project\src\Mlproject\config\configuration.py", line 56, in get_data_transformation_config
    data_transformation_config = DataTransformationConfig(
TypeError: __init__() missing 1 required positional argument: 'scaler_name'
[2024-08-22 14:27:38,815: INFO: main: >>>>>> stage Data Ingestion Stage started <<<<<<]
[2024-08-22 14:27:38,826: INFO: common: yaml file: config\config.yaml loaded successfully]
[2024-08-22 14:27:38,833: INFO: common: yaml file: params.yaml loaded successfully]
[2024-08-22 14:27:38,841: INFO: common: yaml file: schema.yaml loaded successfully]
[2024-08-22 14:27:38,843: INFO: common: created directory at: artifacts]
[2024-08-22 14:27:38,844: INFO: common: created directory at: artifacts/data_ingestion]
[2024-08-22 14:27:38,845: INFO: data_ingestion: File already exists of size: ~ 1001 KB]
[2024-08-22 14:27:38,886: INFO: main: >>>>>> stage Data Ingestion Stage completed <<<<<<

x==========x]
[2024-08-22 14:27:38,888: INFO: main: >>>>>> stage Data Validation Stage started <<<<<<]
[2024-08-22 14:27:38,894: INFO: common: yaml file: config\config.yaml loaded successfully]
[2024-08-22 14:27:38,898: INFO: common: yaml file: params.yaml loaded successfully]
[2024-08-22 14:27:38,903: INFO: common: yaml file: schema.yaml loaded successfully]
[2024-08-22 14:27:38,906: INFO: common: created directory at: artifacts]
[2024-08-22 14:27:38,907: INFO: common: created directory at: artifacts/data_validation]
[2024-08-22 14:27:39,373: INFO: main: >>>>>> stage Data Validation Stage completed <<<<<<

x==========x]
[2024-08-22 14:27:39,374: INFO: main: >>>>>> stage Data Transformation stage started <<<<<<]
[2024-08-22 14:27:39,383: INFO: common: yaml file: config\config.yaml loaded successfully]
[2024-08-22 14:27:39,386: INFO: common: yaml file: params.yaml loaded successfully]
[2024-08-22 14:27:39,391: INFO: common: yaml file: schema.yaml loaded successfully]
[2024-08-22 14:27:39,395: INFO: common: created directory at: artifacts]
[2024-08-22 14:27:39,401: INFO: common: created directory at: artifacts/data_transformation]
[2024-08-22 14:27:39,405: ERROR: main: __init__() missing 1 required positional argument: 'scaler_name']
Traceback (most recent call last):
  File "C:\Users\sredekar\OneDrive - Interpublic\Desktop\Datascience\assignment\ETE_ML_Project\main.py", line 37, in <module>
    data_trasnformation.main()
  File "c:\users\sredekar\onedrive - interpublic\desktop\datascience\assignment\ete_ml_project\src\Mlproject\pipeline\stage_data_transformation.py", line 39, in main
    raise e
  File "c:\users\sredekar\onedrive - interpublic\desktop\datascience\assignment\ete_ml_project\src\Mlproject\pipeline\stage_data_transformation.py", line 31, in main
    data_transformation_config = config.get_data_transformation_config()
  File "c:\users\sredekar\onedrive - interpublic\desktop\datascience\assignment\ete_ml_project\src\Mlproject\config\configuration.py", line 56, in get_data_transformation_config
    data_transformation_config = DataTransformationConfig(
TypeError: __init__() missing 1 required positional argument: 'scaler_name'
[2024-08-22 14:28:31,065: INFO: main: >>>>>> stage Data Ingestion Stage started <<<<<<]
[2024-08-22 14:28:31,073: INFO: common: yaml file: config\config.yaml loaded successfully]
[2024-08-22 14:28:31,081: INFO: common: yaml file: params.yaml loaded successfully]
[2024-08-22 14:28:31,084: INFO: common: yaml file: schema.yaml loaded successfully]
[2024-08-22 14:28:31,090: INFO: common: created directory at: artifacts]
[2024-08-22 14:28:31,091: INFO: common: created directory at: artifacts/data_ingestion]
[2024-08-22 14:28:31,093: INFO: data_ingestion: File already exists of size: ~ 1001 KB]
[2024-08-22 14:28:31,120: INFO: main: >>>>>> stage Data Ingestion Stage completed <<<<<<

x==========x]
[2024-08-22 14:28:31,121: INFO: main: >>>>>> stage Data Validation Stage started <<<<<<]
[2024-08-22 14:28:31,130: INFO: common: yaml file: config\config.yaml loaded successfully]
[2024-08-22 14:28:31,132: INFO: common: yaml file: params.yaml loaded successfully]
[2024-08-22 14:28:31,138: INFO: common: yaml file: schema.yaml loaded successfully]
[2024-08-22 14:28:31,140: INFO: common: created directory at: artifacts]
[2024-08-22 14:28:31,141: INFO: common: created directory at: artifacts/data_validation]
[2024-08-22 14:28:31,532: INFO: main: >>>>>> stage Data Validation Stage completed <<<<<<

x==========x]
[2024-08-22 14:28:31,533: INFO: main: >>>>>> stage Data Transformation stage started <<<<<<]
[2024-08-22 14:28:31,534: INFO: common: yaml file: config\config.yaml loaded successfully]
[2024-08-22 14:28:31,546: INFO: common: yaml file: params.yaml loaded successfully]
[2024-08-22 14:28:31,552: INFO: common: yaml file: schema.yaml loaded successfully]
[2024-08-22 14:28:31,553: INFO: common: created directory at: artifacts]
[2024-08-22 14:28:31,554: INFO: common: created directory at: artifacts/data_transformation]
[2024-08-22 14:28:32,263: INFO: data_transformation: Train and Test split done]
[2024-08-22 14:28:32,263: INFO: data_transformation: (22500, 24)]
[2024-08-22 14:28:32,263: INFO: data_transformation: (7500, 24)]
[2024-08-22 14:28:32,272: ERROR: main: 'DataTransformation' object has no attribute 'scaling']
Traceback (most recent call last):
  File "C:\Users\sredekar\OneDrive - Interpublic\Desktop\Datascience\assignment\ETE_ML_Project\main.py", line 37, in <module>
    data_trasnformation.main()
  File "c:\users\sredekar\onedrive - interpublic\desktop\datascience\assignment\ete_ml_project\src\Mlproject\pipeline\stage_data_transformation.py", line 39, in main
    raise e
  File "c:\users\sredekar\onedrive - interpublic\desktop\datascience\assignment\ete_ml_project\src\Mlproject\pipeline\stage_data_transformation.py", line 34, in main
    data_transformation.scaling()
AttributeError: 'DataTransformation' object has no attribute 'scaling'
[2024-08-22 14:29:22,747: INFO: main: >>>>>> stage Data Ingestion Stage started <<<<<<]
[2024-08-22 14:29:22,747: INFO: common: yaml file: config\config.yaml loaded successfully]
[2024-08-22 14:29:22,747: INFO: common: yaml file: params.yaml loaded successfully]
[2024-08-22 14:29:22,747: INFO: common: yaml file: schema.yaml loaded successfully]
[2024-08-22 14:29:22,747: INFO: common: created directory at: artifacts]
[2024-08-22 14:29:22,763: INFO: common: created directory at: artifacts/data_ingestion]
[2024-08-22 14:29:22,766: INFO: data_ingestion: File already exists of size: ~ 1001 KB]
[2024-08-22 14:29:22,805: INFO: main: >>>>>> stage Data Ingestion Stage completed <<<<<<

x==========x]
[2024-08-22 14:29:22,809: INFO: main: >>>>>> stage Data Validation Stage started <<<<<<]
[2024-08-22 14:29:22,819: INFO: common: yaml file: config\config.yaml loaded successfully]
[2024-08-22 14:29:22,824: INFO: common: yaml file: params.yaml loaded successfully]
[2024-08-22 14:29:22,837: INFO: common: yaml file: schema.yaml loaded successfully]
[2024-08-22 14:29:22,837: INFO: common: created directory at: artifacts]
[2024-08-22 14:29:22,838: INFO: common: created directory at: artifacts/data_validation]
[2024-08-22 14:29:23,260: INFO: main: >>>>>> stage Data Validation Stage completed <<<<<<

x==========x]
[2024-08-22 14:29:23,260: INFO: main: >>>>>> stage Data Transformation stage started <<<<<<]
[2024-08-22 14:29:23,264: INFO: common: yaml file: config\config.yaml loaded successfully]
[2024-08-22 14:29:23,264: INFO: common: yaml file: params.yaml loaded successfully]
[2024-08-22 14:29:23,272: INFO: common: yaml file: schema.yaml loaded successfully]
[2024-08-22 14:29:23,273: INFO: common: created directory at: artifacts]
[2024-08-22 14:29:23,274: INFO: common: created directory at: artifacts/data_transformation]
[2024-08-22 14:29:24,013: INFO: data_transformation: Train and Test split done]
[2024-08-22 14:29:24,014: INFO: data_transformation: (22500, 24)]
[2024-08-22 14:29:24,015: INFO: data_transformation: (7500, 24)]
[2024-08-22 14:29:24,017: INFO: main: >>>>>> stage Data Transformation stage completed <<<<<<

x==========x]
[2024-08-22 14:29:45,835: INFO: main: >>>>>> stage Data Ingestion Stage started <<<<<<]
[2024-08-22 14:29:45,840: INFO: common: yaml file: config\config.yaml loaded successfully]
[2024-08-22 14:29:45,848: INFO: common: yaml file: params.yaml loaded successfully]
[2024-08-22 14:29:45,853: INFO: common: yaml file: schema.yaml loaded successfully]
[2024-08-22 14:29:45,860: INFO: common: created directory at: artifacts]
[2024-08-22 14:29:45,861: INFO: common: created directory at: artifacts/data_ingestion]
[2024-08-22 14:29:45,862: INFO: data_ingestion: File already exists of size: ~ 1001 KB]
[2024-08-22 14:29:45,897: INFO: main: >>>>>> stage Data Ingestion Stage completed <<<<<<

x==========x]
[2024-08-22 14:29:45,898: INFO: main: >>>>>> stage Data Validation Stage started <<<<<<]
[2024-08-22 14:29:45,904: INFO: common: yaml file: config\config.yaml loaded successfully]
[2024-08-22 14:29:45,909: INFO: common: yaml file: params.yaml loaded successfully]
[2024-08-22 14:29:45,916: INFO: common: yaml file: schema.yaml loaded successfully]
[2024-08-22 14:29:45,916: INFO: common: created directory at: artifacts]
[2024-08-22 14:29:45,916: INFO: common: created directory at: artifacts/data_validation]
[2024-08-22 14:29:46,366: INFO: main: >>>>>> stage Data Validation Stage completed <<<<<<

x==========x]
[2024-08-22 14:29:46,367: INFO: main: >>>>>> stage Data Transformation stage started <<<<<<]
[2024-08-22 14:29:46,375: INFO: common: yaml file: config\config.yaml loaded successfully]
[2024-08-22 14:29:46,379: INFO: common: yaml file: params.yaml loaded successfully]
[2024-08-22 14:29:46,385: INFO: common: yaml file: schema.yaml loaded successfully]
[2024-08-22 14:29:46,386: INFO: common: created directory at: artifacts]
[2024-08-22 14:29:46,388: INFO: common: created directory at: artifacts/data_transformation]
[2024-08-22 14:29:47,089: INFO: data_transformation: Train and Test split done]
[2024-08-22 14:29:47,089: INFO: data_transformation: (22500, 24)]
[2024-08-22 14:29:47,089: INFO: data_transformation: (7500, 24)]
[2024-08-22 14:29:47,095: INFO: main: >>>>>> stage Data Transformation stage completed <<<<<<

x==========x]
[2024-08-22 14:29:47,097: INFO: main: >>>>>>>>>>>Starting Model Training stage<<<<<<<<<<]
[2024-08-22 14:29:47,102: INFO: common: yaml file: config\config.yaml loaded successfully]
[2024-08-22 14:29:47,106: INFO: common: yaml file: params.yaml loaded successfully]
[2024-08-22 14:29:47,114: INFO: common: yaml file: schema.yaml loaded successfully]
[2024-08-22 14:29:47,115: INFO: common: created directory at: artifacts]
[2024-08-22 14:29:47,117: INFO: common: created directory at: artifacts/model_training]
[2024-08-22 14:29:49,488: INFO: main: >>>>>>>>>>>Model Training stage completed successfully<<<<<<<<<]
[2024-08-22 14:29:49,488: INFO: main: >>>>>>>>>>>Starting Model Evaluation stage<<<<<<<<<<]
[2024-08-22 14:29:49,493: INFO: common: yaml file: config\config.yaml loaded successfully]
[2024-08-22 14:29:49,498: INFO: common: yaml file: params.yaml loaded successfully]
[2024-08-22 14:29:49,505: INFO: common: yaml file: schema.yaml loaded successfully]
[2024-08-22 14:29:49,507: INFO: common: created directory at: artifacts]
[2024-08-22 14:29:49,508: INFO: common: created directory at: artifacts/model_evaluation]
[2024-08-22 14:29:49,615: INFO: common: json file saved at: artifacts\model_evaluation\metrics.json]
[2024-08-22 14:29:49,618: INFO: main: >>>>>>>>>>>Model Evaluation stage completed successfully<<<<<<<<<]
[2024-08-22 14:31:16,079: INFO: main: >>>>>> stage Data Ingestion Stage started <<<<<<]
[2024-08-22 14:31:16,090: INFO: common: yaml file: config\config.yaml loaded successfully]
[2024-08-22 14:31:16,094: INFO: common: yaml file: params.yaml loaded successfully]
[2024-08-22 14:31:16,107: INFO: common: yaml file: schema.yaml loaded successfully]
[2024-08-22 14:31:16,114: INFO: common: created directory at: artifacts]
[2024-08-22 14:31:16,116: INFO: common: created directory at: artifacts/data_ingestion]
[2024-08-22 14:31:17,220: INFO: data_ingestion: artifacts/data_ingestion/data.zip download! with following info: 
Connection: close
Content-Length: 1025318
Cache-Control: max-age=300
Content-Security-Policy: default-src 'none'; style-src 'unsafe-inline'; sandbox
Content-Type: application/zip
ETag: "1092c620e522f2a97545206eab13f39f6ff252fd9a9ca31bfe62215a5561c34a"
Strict-Transport-Security: max-age=31536000
X-Content-Type-Options: nosniff
X-Frame-Options: deny
X-XSS-Protection: 1; mode=block
X-GitHub-Request-Id: AF54:08DF:6CBFE:8DE53:66C6FE5B
Accept-Ranges: bytes
Date: Thu, 22 Aug 2024 09:01:17 GMT
Via: 1.1 varnish
X-Served-By: cache-hyd1100034-HYD
X-Cache: MISS
X-Cache-Hits: 0
X-Timer: S1724317277.668557,VS0,VE365
Vary: Authorization,Accept-Encoding,Origin
Access-Control-Allow-Origin: *
Cross-Origin-Resource-Policy: cross-origin
X-Fastly-Request-ID: 26f003d64ac3ece7a7fc2252efa37bc5b83a06c7
Expires: Thu, 22 Aug 2024 09:06:17 GMT
Source-Age: 0

]
[2024-08-22 14:31:17,251: INFO: main: >>>>>> stage Data Ingestion Stage completed <<<<<<

x==========x]
[2024-08-22 14:31:17,253: INFO: main: >>>>>> stage Data Validation Stage started <<<<<<]
[2024-08-22 14:31:17,260: INFO: common: yaml file: config\config.yaml loaded successfully]
[2024-08-22 14:31:17,263: INFO: common: yaml file: params.yaml loaded successfully]
[2024-08-22 14:31:17,274: INFO: common: yaml file: schema.yaml loaded successfully]
[2024-08-22 14:31:17,279: INFO: common: created directory at: artifacts]
[2024-08-22 14:31:17,284: INFO: common: created directory at: artifacts/data_validation]
[2024-08-22 14:31:17,737: INFO: main: >>>>>> stage Data Validation Stage completed <<<<<<

x==========x]
[2024-08-22 14:31:17,739: INFO: main: >>>>>> stage Data Transformation stage started <<<<<<]
[2024-08-22 14:31:17,745: INFO: common: yaml file: config\config.yaml loaded successfully]
[2024-08-22 14:31:17,748: INFO: common: yaml file: params.yaml loaded successfully]
[2024-08-22 14:31:17,755: INFO: common: yaml file: schema.yaml loaded successfully]
[2024-08-22 14:31:17,756: INFO: common: created directory at: artifacts]
[2024-08-22 14:31:17,765: INFO: common: created directory at: artifacts/data_transformation]
[2024-08-22 14:31:18,519: INFO: data_transformation: Train and Test split done]
[2024-08-22 14:31:18,521: INFO: data_transformation: (22500, 24)]
[2024-08-22 14:31:18,522: INFO: data_transformation: (7500, 24)]
[2024-08-22 14:31:18,525: INFO: main: >>>>>> stage Data Transformation stage completed <<<<<<

x==========x]
[2024-08-22 14:31:18,525: INFO: main: >>>>>>>>>>>Starting Model Training stage<<<<<<<<<<]
[2024-08-22 14:31:18,536: INFO: common: yaml file: config\config.yaml loaded successfully]
[2024-08-22 14:31:18,540: INFO: common: yaml file: params.yaml loaded successfully]
[2024-08-22 14:31:18,545: INFO: common: yaml file: schema.yaml loaded successfully]
[2024-08-22 14:31:18,550: INFO: common: created directory at: artifacts]
[2024-08-22 14:31:18,552: INFO: common: created directory at: artifacts/model_training]
[2024-08-22 14:31:20,710: INFO: main: >>>>>>>>>>>Model Training stage completed successfully<<<<<<<<<]
[2024-08-22 14:31:20,711: INFO: main: >>>>>>>>>>>Starting Model Evaluation stage<<<<<<<<<<]
[2024-08-22 14:31:20,718: INFO: common: yaml file: config\config.yaml loaded successfully]
[2024-08-22 14:31:20,720: INFO: common: yaml file: params.yaml loaded successfully]
[2024-08-22 14:31:20,727: INFO: common: yaml file: schema.yaml loaded successfully]
[2024-08-22 14:31:20,729: INFO: common: created directory at: artifacts]
[2024-08-22 14:31:20,731: INFO: common: created directory at: artifacts/model_evaluation]
[2024-08-22 14:31:20,887: INFO: common: json file saved at: artifacts\model_evaluation\metrics.json]
[2024-08-22 14:31:20,887: INFO: main: >>>>>>>>>>>Model Evaluation stage completed successfully<<<<<<<<<]
[2024-08-22 14:32:09,223: INFO: main: >>>>>> stage Data Ingestion Stage started <<<<<<]
[2024-08-22 14:32:09,223: INFO: common: yaml file: config\config.yaml loaded successfully]
[2024-08-22 14:32:09,236: INFO: common: yaml file: params.yaml loaded successfully]
[2024-08-22 14:32:09,241: INFO: common: yaml file: schema.yaml loaded successfully]
[2024-08-22 14:32:09,243: INFO: common: created directory at: artifacts]
[2024-08-22 14:32:09,244: INFO: common: created directory at: artifacts/data_ingestion]
[2024-08-22 14:32:09,245: INFO: data_ingestion: File already exists of size: ~ 1001 KB]
[2024-08-22 14:32:09,280: INFO: main: >>>>>> stage Data Ingestion Stage completed <<<<<<

x==========x]
[2024-08-22 14:32:09,282: INFO: main: >>>>>> stage Data Validation Stage started <<<<<<]
[2024-08-22 14:32:09,290: INFO: common: yaml file: config\config.yaml loaded successfully]
[2024-08-22 14:32:09,292: INFO: common: yaml file: params.yaml loaded successfully]
[2024-08-22 14:32:09,298: INFO: common: yaml file: schema.yaml loaded successfully]
[2024-08-22 14:32:09,300: INFO: common: created directory at: artifacts]
[2024-08-22 14:32:09,302: INFO: common: created directory at: artifacts/data_validation]
[2024-08-22 14:32:09,767: INFO: main: >>>>>> stage Data Validation Stage completed <<<<<<

x==========x]
[2024-08-22 14:32:09,769: INFO: main: >>>>>> stage Data Transformation stage started <<<<<<]
[2024-08-22 14:32:09,774: INFO: common: yaml file: config\config.yaml loaded successfully]
[2024-08-22 14:32:09,779: INFO: common: yaml file: params.yaml loaded successfully]
[2024-08-22 14:32:09,789: INFO: common: yaml file: schema.yaml loaded successfully]
[2024-08-22 14:32:09,791: INFO: common: created directory at: artifacts]
[2024-08-22 14:32:09,791: INFO: common: created directory at: artifacts/data_transformation]
[2024-08-22 14:32:10,475: INFO: data_transformation: Train and Test split done]
[2024-08-22 14:32:10,476: INFO: data_transformation: (22500, 24)]
[2024-08-22 14:32:10,477: INFO: data_transformation: (7500, 24)]
[2024-08-22 14:32:10,479: INFO: main: >>>>>> stage Data Transformation stage completed <<<<<<

x==========x]
[2024-08-22 14:32:10,479: INFO: main: >>>>>>>>>>>Starting Model Training stage<<<<<<<<<<]
[2024-08-22 14:32:10,482: INFO: common: yaml file: config\config.yaml loaded successfully]
[2024-08-22 14:32:10,487: INFO: common: yaml file: params.yaml loaded successfully]
[2024-08-22 14:32:10,494: INFO: common: yaml file: schema.yaml loaded successfully]
[2024-08-22 14:32:10,494: INFO: common: created directory at: artifacts]
[2024-08-22 14:32:10,498: INFO: common: created directory at: artifacts/model_training]
[2024-08-22 14:32:12,462: INFO: main: >>>>>>>>>>>Model Training stage completed successfully<<<<<<<<<]
[2024-08-22 14:32:12,462: INFO: main: >>>>>>>>>>>Starting Model Evaluation stage<<<<<<<<<<]
[2024-08-22 14:32:12,474: INFO: common: yaml file: config\config.yaml loaded successfully]
[2024-08-22 14:32:12,474: INFO: common: yaml file: params.yaml loaded successfully]
[2024-08-22 14:32:12,480: INFO: common: yaml file: schema.yaml loaded successfully]
[2024-08-22 14:32:12,480: INFO: common: created directory at: artifacts]
[2024-08-22 14:32:12,483: INFO: common: created directory at: artifacts/model_evaluation]
[2024-08-22 14:32:12,578: INFO: common: json file saved at: artifacts\model_evaluation\metrics.json]
[2024-08-22 14:32:12,580: INFO: main: >>>>>>>>>>>Model Evaluation stage completed successfully<<<<<<<<<]
